2026-06-05 02:15:10.257823: I tensorflow/core/platform/cpu_feature_guard.cc:182] This TensorFlow binary is optimized to use available CPU instructions in performance-critical operations.
To enable the following instructions: AVX2 FMA, in other operations, rebuild TensorFlow with the appropriate compiler flags.
2026-06-05 02:15:12.521950: W tensorflow/compiler/tf2tensorrt/utils/py_utils.cc:38] TF-TRT Warning: Could not find TensorRT
2026-06-05 02:15:19.296352: I tensorflow/core/common_runtime/gpu/gpu_device.cc:1639] Created device /job:localhost/replica:0/task:0/device:GPU:0 with 8194 MB memory:  -> device: 0, name: NVIDIA GeForce RTX 3080 Ti, pci bus id: 0000:01:00.0, compute capability: 8.6
Segmentation Models: using `tf.keras` framework.
--> GPU Memory Growth Enabled

Run ID: adam_0.0001_8_1
Run directory: /home/darshan/MS/models/unetpp/runs/adam_0.0001_8_1
Splitting 187 subjects:
  Train : 149 subjects
  Val   : 18 subjects
  Test  : 20 subjects
Model: "model"
____________________________________________________________________________________________________
 Layer (type)                 Output Shape                  Param #   Connected to                  
====================================================================================================
 input_1 (InputLayer)         [(None, 256, 256, 3)]         0         []                            
                                                                                                    
 x00_conv1 (Conv2D)           (None, 256, 256, 32)          896       ['input_1[0][0]']             
                                                                                                    
 x00_bn1 (BatchNormalization  (None, 256, 256, 32)          128       ['x00_conv1[0][0]']           
 )                                                                                                  
                                                                                                    
 dropout (Dropout)            (None, 256, 256, 32)          0         ['x00_bn1[0][0]']             
                                                                                                    
 x00_conv2 (Conv2D)           (None, 256, 256, 32)          9248      ['dropout[0][0]']             
                                                                                                    
 x00_bn2 (BatchNormalization  (None, 256, 256, 32)          128       ['x00_conv2[0][0]']           
 )                                                                                                  
                                                                                                    
 p0 (MaxPooling2D)            (None, 128, 128, 32)          0         ['x00_bn2[0][0]']             
                                                                                                    
 x10_conv1 (Conv2D)           (None, 128, 128, 64)          18496     ['p0[0][0]']                  
                                                                                                    
 x10_bn1 (BatchNormalization  (None, 128, 128, 64)          256       ['x10_conv1[0][0]']           
 )                                                                                                  
                                                                                                    
 dropout_1 (Dropout)          (None, 128, 128, 64)          0         ['x10_bn1[0][0]']             
                                                                                                    
 x10_conv2 (Conv2D)           (None, 128, 128, 64)          36928     ['dropout_1[0][0]']           
                                                                                                    
 x10_bn2 (BatchNormalization  (None, 128, 128, 64)          256       ['x10_conv2[0][0]']           
 )                                                                                                  
                                                                                                    
 p1 (MaxPooling2D)            (None, 64, 64, 64)            0         ['x10_bn2[0][0]']             
                                                                                                    
 x20_conv1 (Conv2D)           (None, 64, 64, 128)           73856     ['p1[0][0]']                  
                                                                                                    
 x20_bn1 (BatchNormalization  (None, 64, 64, 128)           512       ['x20_conv1[0][0]']           
 )                                                                                                  
                                                                                                    
 dropout_2 (Dropout)          (None, 64, 64, 128)           0         ['x20_bn1[0][0]']             
                                                                                                    
 x20_conv2 (Conv2D)           (None, 64, 64, 128)           147584    ['dropout_2[0][0]']           
                                                                                                    
 x20_bn2 (BatchNormalization  (None, 64, 64, 128)           512       ['x20_conv2[0][0]']           
 )                                                                                                  
                                                                                                    
 p2 (MaxPooling2D)            (None, 32, 32, 128)           0         ['x20_bn2[0][0]']             
                                                                                                    
 x30_conv1 (Conv2D)           (None, 32, 32, 256)           295168    ['p2[0][0]']                  
                                                                                                    
 x30_bn1 (BatchNormalization  (None, 32, 32, 256)           1024      ['x30_conv1[0][0]']           
 )                                                                                                  
                                                                                                    
 dropout_3 (Dropout)          (None, 32, 32, 256)           0         ['x30_bn1[0][0]']             
                                                                                                    
 x30_conv2 (Conv2D)           (None, 32, 32, 256)           590080    ['dropout_3[0][0]']           
                                                                                                    
 x30_bn2 (BatchNormalization  (None, 32, 32, 256)           1024      ['x30_conv2[0][0]']           
 )                                                                                                  
                                                                                                    
 p3 (MaxPooling2D)            (None, 16, 16, 256)           0         ['x30_bn2[0][0]']             
                                                                                                    
 x40_conv1 (Conv2D)           (None, 16, 16, 512)           1180160   ['p3[0][0]']                  
                                                                                                    
 x40_bn1 (BatchNormalization  (None, 16, 16, 512)           2048      ['x40_conv1[0][0]']           
 )                                                                                                  
                                                                                                    
 dropout_4 (Dropout)          (None, 16, 16, 512)           0         ['x40_bn1[0][0]']             
                                                                                                    
 x40_conv2 (Conv2D)           (None, 16, 16, 512)           2359808   ['dropout_4[0][0]']           
                                                                                                    
 x40_bn2 (BatchNormalization  (None, 16, 16, 512)           2048      ['x40_conv2[0][0]']           
 )                                                                                                  
                                                                                                    
 u40_to_31 (Conv2DTranspose)  (None, 32, 32, 512)           1049088   ['x40_bn2[0][0]']             
                                                                                                    
 u30_to_21 (Conv2DTranspose)  (None, 64, 64, 256)           262400    ['x30_bn2[0][0]']             
                                                                                                    
 concatenate_3 (Concatenate)  (None, 32, 32, 768)           0         ['x30_bn2[0][0]',             
                                                                       'u40_to_31[0][0]']           
                                                                                                    
 u20_to_11 (Conv2DTranspose)  (None, 128, 128, 128)         65664     ['x20_bn2[0][0]']             
                                                                                                    
 concatenate_2 (Concatenate)  (None, 64, 64, 384)           0         ['x20_bn2[0][0]',             
                                                                       'u30_to_21[0][0]']           
                                                                                                    
 x31_conv1 (Conv2D)           (None, 32, 32, 256)           1769728   ['concatenate_3[0][0]']       
                                                                                                    
 u10_to_01 (Conv2DTranspose)  (None, 256, 256, 64)          16448     ['x10_bn2[0][0]']             
                                                                                                    
 concatenate_1 (Concatenate)  (None, 128, 128, 192)         0         ['x10_bn2[0][0]',             
                                                                       'u20_to_11[0][0]']           
                                                                                                    
 x21_conv1 (Conv2D)           (None, 64, 64, 128)           442496    ['concatenate_2[0][0]']       
                                                                                                    
 x31_bn1 (BatchNormalization  (None, 32, 32, 256)           1024      ['x31_conv1[0][0]']           
 )                                                                                                  
                                                                                                    
 concatenate (Concatenate)    (None, 256, 256, 96)          0         ['x00_bn2[0][0]',             
                                                                       'u10_to_01[0][0]']           
                                                                                                    
 x11_conv1 (Conv2D)           (None, 128, 128, 64)          110656    ['concatenate_1[0][0]']       
                                                                                                    
 x21_bn1 (BatchNormalization  (None, 64, 64, 128)           512       ['x21_conv1[0][0]']           
 )                                                                                                  
                                                                                                    
 dropout_8 (Dropout)          (None, 32, 32, 256)           0         ['x31_bn1[0][0]']             
                                                                                                    
 x01_conv1 (Conv2D)           (None, 256, 256, 32)          27680     ['concatenate[0][0]']         
                                                                                                    
 x11_bn1 (BatchNormalization  (None, 128, 128, 64)          256       ['x11_conv1[0][0]']           
 )                                                                                                  
                                                                                                    
 dropout_7 (Dropout)          (None, 64, 64, 128)           0         ['x21_bn1[0][0]']             
                                                                                                    
 x31_conv2 (Conv2D)           (None, 32, 32, 256)           590080    ['dropout_8[0][0]']           
                                                                                                    
 x01_bn1 (BatchNormalization  (None, 256, 256, 32)          128       ['x01_conv1[0][0]']           
 )                                                                                                  
                                                                                                    
 dropout_6 (Dropout)          (None, 128, 128, 64)          0         ['x11_bn1[0][0]']             
                                                                                                    
 x21_conv2 (Conv2D)           (None, 64, 64, 128)           147584    ['dropout_7[0][0]']           
                                                                                                    
 x31_bn2 (BatchNormalization  (None, 32, 32, 256)           1024      ['x31_conv2[0][0]']           
 )                                                                                                  
                                                                                                    
 dropout_5 (Dropout)          (None, 256, 256, 32)          0         ['x01_bn1[0][0]']             
                                                                                                    
 x11_conv2 (Conv2D)           (None, 128, 128, 64)          36928     ['dropout_6[0][0]']           
                                                                                                    
 x21_bn2 (BatchNormalization  (None, 64, 64, 128)           512       ['x21_conv2[0][0]']           
 )                                                                                                  
                                                                                                    
 u31_to_22 (Conv2DTranspose)  (None, 64, 64, 256)           262400    ['x31_bn2[0][0]']             
                                                                                                    
 x01_conv2 (Conv2D)           (None, 256, 256, 32)          9248      ['dropout_5[0][0]']           
                                                                                                    
 x11_bn2 (BatchNormalization  (None, 128, 128, 64)          256       ['x11_conv2[0][0]']           
 )                                                                                                  
                                                                                                    
 u21_to_12 (Conv2DTranspose)  (None, 128, 128, 128)         65664     ['x21_bn2[0][0]']             
                                                                                                    
 concatenate_6 (Concatenate)  (None, 64, 64, 512)           0         ['x20_bn2[0][0]',             
                                                                       'x21_bn2[0][0]',             
                                                                       'u31_to_22[0][0]']           
                                                                                                    
 x01_bn2 (BatchNormalization  (None, 256, 256, 32)          128       ['x01_conv2[0][0]']           
 )                                                                                                  
                                                                                                    
 u11_to_02 (Conv2DTranspose)  (None, 256, 256, 64)          16448     ['x11_bn2[0][0]']             
                                                                                                    
 concatenate_5 (Concatenate)  (None, 128, 128, 256)         0         ['x10_bn2[0][0]',             
                                                                       'x11_bn2[0][0]',             
                                                                       'u21_to_12[0][0]']           
                                                                                                    
 x22_conv1 (Conv2D)           (None, 64, 64, 128)           589952    ['concatenate_6[0][0]']       
                                                                                                    
 concatenate_4 (Concatenate)  (None, 256, 256, 128)         0         ['x00_bn2[0][0]',             
                                                                       'x01_bn2[0][0]',             
                                                                       'u11_to_02[0][0]']           
                                                                                                    
 x12_conv1 (Conv2D)           (None, 128, 128, 64)          147520    ['concatenate_5[0][0]']       
                                                                                                    
 x22_bn1 (BatchNormalization  (None, 64, 64, 128)           512       ['x22_conv1[0][0]']           
 )                                                                                                  
                                                                                                    
 x02_conv1 (Conv2D)           (None, 256, 256, 32)          36896     ['concatenate_4[0][0]']       
                                                                                                    
 x12_bn1 (BatchNormalization  (None, 128, 128, 64)          256       ['x12_conv1[0][0]']           
 )                                                                                                  
                                                                                                    
 dropout_11 (Dropout)         (None, 64, 64, 128)           0         ['x22_bn1[0][0]']             
                                                                                                    
 x02_bn1 (BatchNormalization  (None, 256, 256, 32)          128       ['x02_conv1[0][0]']           
 )                                                                                                  
                                                                                                    
 dropout_10 (Dropout)         (None, 128, 128, 64)          0         ['x12_bn1[0][0]']             
                                                                                                    
 x22_conv2 (Conv2D)           (None, 64, 64, 128)           147584    ['dropout_11[0][0]']          
                                                                                                    
 dropout_9 (Dropout)          (None, 256, 256, 32)          0         ['x02_bn1[0][0]']             
                                                                                                    
 x12_conv2 (Conv2D)           (None, 128, 128, 64)          36928     ['dropout_10[0][0]']          
                                                                                                    
 x22_bn2 (BatchNormalization  (None, 64, 64, 128)           512       ['x22_conv2[0][0]']           
 )                                                                                                  
                                                                                                    
 x02_conv2 (Conv2D)           (None, 256, 256, 32)          9248      ['dropout_9[0][0]']           
                                                                                                    
 x12_bn2 (BatchNormalization  (None, 128, 128, 64)          256       ['x12_conv2[0][0]']           
 )                                                                                                  
                                                                                                    
 u22_to_13 (Conv2DTranspose)  (None, 128, 128, 128)         65664     ['x22_bn2[0][0]']             
                                                                                                    
 x02_bn2 (BatchNormalization  (None, 256, 256, 32)          128       ['x02_conv2[0][0]']           
 )                                                                                                  
                                                                                                    
 u12_to_03 (Conv2DTranspose)  (None, 256, 256, 64)          16448     ['x12_bn2[0][0]']             
                                                                                                    
 concatenate_8 (Concatenate)  (None, 128, 128, 320)         0         ['x10_bn2[0][0]',             
                                                                       'x11_bn2[0][0]',             
                                                                       'x12_bn2[0][0]',             
                                                                       'u22_to_13[0][0]']           
                                                                                                    
 concatenate_7 (Concatenate)  (None, 256, 256, 160)         0         ['x00_bn2[0][0]',             
                                                                       'x01_bn2[0][0]',             
                                                                       'x02_bn2[0][0]',             
                                                                       'u12_to_03[0][0]']           
                                                                                                    
 x13_conv1 (Conv2D)           (None, 128, 128, 64)          184384    ['concatenate_8[0][0]']       
                                                                                                    
 x03_conv1 (Conv2D)           (None, 256, 256, 32)          46112     ['concatenate_7[0][0]']       
                                                                                                    
 x13_bn1 (BatchNormalization  (None, 128, 128, 64)          256       ['x13_conv1[0][0]']           
 )                                                                                                  
                                                                                                    
 x03_bn1 (BatchNormalization  (None, 256, 256, 32)          128       ['x03_conv1[0][0]']           
 )                                                                                                  
                                                                                                    
 dropout_13 (Dropout)         (None, 128, 128, 64)          0         ['x13_bn1[0][0]']             
                                                                                                    
 dropout_12 (Dropout)         (None, 256, 256, 32)          0         ['x03_bn1[0][0]']             
                                                                                                    
 x13_conv2 (Conv2D)           (None, 128, 128, 64)          36928     ['dropout_13[0][0]']          
                                                                                                    
 x03_conv2 (Conv2D)           (None, 256, 256, 32)          9248      ['dropout_12[0][0]']          
                                                                                                    
 x13_bn2 (BatchNormalization  (None, 128, 128, 64)          256       ['x13_conv2[0][0]']           
 )                                                                                                  
                                                                                                    
 x03_bn2 (BatchNormalization  (None, 256, 256, 32)          128       ['x03_conv2[0][0]']           
 )                                                                                                  
                                                                                                    
 u13_to_04 (Conv2DTranspose)  (None, 256, 256, 64)          16448     ['x13_bn2[0][0]']             
                                                                                                    
 concatenate_9 (Concatenate)  (None, 256, 256, 192)         0         ['x00_bn2[0][0]',             
                                                                       'x01_bn2[0][0]',             
                                                                       'x02_bn2[0][0]',             
                                                                       'x03_bn2[0][0]',             
                                                                       'u13_to_04[0][0]']           
                                                                                                    
 x04_conv1 (Conv2D)           (None, 256, 256, 32)          55328     ['concatenate_9[0][0]']       
                                                                                                    
 x04_bn1 (BatchNormalization  (None, 256, 256, 32)          128       ['x04_conv1[0][0]']           
 )                                                                                                  
                                                                                                    
 dropout_14 (Dropout)         (None, 256, 256, 32)          0         ['x04_bn1[0][0]']             
                                                                                                    
 x04_conv2 (Conv2D)           (None, 256, 256, 32)          9248      ['dropout_14[0][0]']          
                                                                                                    
 x04_bn2 (BatchNormalization  (None, 256, 256, 32)          128       ['x04_conv2[0][0]']           
 )                                                                                                  
                                                                                                    
 final_sigmoid (Conv2D)       (None, 256, 256, 1)           33        ['x04_bn2[0][0]']             
                                                                                                    
====================================================================================================
Total params: 11007297 (41.99 MB)
Trainable params: 11000001 (41.96 MB)
Non-trainable params: 7296 (28.50 KB)
____________________________________________________________________________________________________
  LR schedule: fixed (lr=0.0001)

Starting training for up to 100 epochs ...

Epoch 1/100
2026-06-05 02:15:38.203970: E tensorflow/core/grappler/optimizers/meta_optimizer.cc:954] layout failed: INVALID_ARGUMENT: Size of values 0 does not match size of permutation 4 @ fanin shape inmodel/dropout/dropout/SelectV2-2-TransposeNHWCToNCHW-LayoutOptimizer
2026-06-05 02:15:50.769975: I tensorflow/core/kernels/data/shuffle_dataset_op.cc:422] Filling up shuffle buffer (this may take a while): 558 of 8000
2026-06-05 02:16:00.991869: I tensorflow/core/kernels/data/shuffle_dataset_op.cc:422] Filling up shuffle buffer (this may take a while): 1025 of 8000
2026-06-05 02:16:09.801916: I tensorflow/core/kernels/data/shuffle_dataset_op.cc:422] Filling up shuffle buffer (this may take a while): 1507 of 8000
2026-06-05 02:16:19.991120: I tensorflow/core/kernels/data/shuffle_dataset_op.cc:422] Filling up shuffle buffer (this may take a while): 1846 of 8000
2026-06-05 02:16:30.312049: I tensorflow/core/kernels/data/shuffle_dataset_op.cc:422] Filling up shuffle buffer (this may take a while): 2478 of 8000
2026-06-05 02:16:40.027517: I tensorflow/core/kernels/data/shuffle_dataset_op.cc:422] Filling up shuffle buffer (this may take a while): 3334 of 8000
2026-06-05 02:16:50.181018: I tensorflow/core/kernels/data/shuffle_dataset_op.cc:422] Filling up shuffle buffer (this may take a while): 4228 of 8000
2026-06-05 02:17:02.298413: I tensorflow/core/kernels/data/shuffle_dataset_op.cc:422] Filling up shuffle buffer (this may take a while): 4600 of 8000
2026-06-05 02:17:13.487751: I tensorflow/core/kernels/data/shuffle_dataset_op.cc:422] Filling up shuffle buffer (this may take a while): 4768 of 8000
