
============================================================
MSLesSeg: collecting ALL 75 patients (train + test sources) ...
============================================================
  MSLesSeg Dataset/train source : 93 studies (53 patients)
  MSLesSeg Dataset/test  source : 22 studies (22 patients)
  Total pooled                  : 115 studies (75 patients)

  -> 90% train : 67 patients  (100 studies)
  -> 10% test  : 8 patients  (15 studies)
  Train patients: ['P51', 'P26', 'P42', 'P17', 'P16', 'P63', 'P74', 'P64', 'P49', 'P45', 'P23', 'P69', 'P61', 'P37', 'P6', 'P36', 'P54', 'P57', 'P67', 'P27', 'P28', 'P46', 'P56', 'P11', 'P60', 'P68', 'P7', 'P55', 'P30', 'P62', 'P32', 'P24', 'P4', 'P3', 'P53', 'P31', 'P14', 'P15', 'P48', 'P66', 'P18', 'P52', 'P29', 'P34', 'P58', 'P19', 'P1', 'P72', 'P43', 'P73', 'P65', 'P33', 'P40', 'P5', 'P47', 'P50', 'P20', 'P75', 'P10', 'P44', 'P39', 'P9', 'P71', 'P70', 'P8', 'P13', 'P59']
  Test  patients: ['P2', 'P21', 'P25', 'P35', 'P38', 'P41', 'P12', 'P22']

[TRAIN] P51/T1
  Copied  P51_T1_FLAIR.nii.gz                  ->  /home/darshan/MS/model_dataset/train/P51_T1/flair.nii.gz
  Copied  P51_T1_T1.nii.gz                     ->  /home/darshan/MS/model_dataset/train/P51_T1/t1.nii.gz
  Copied  P51_T1_T2.nii.gz                     ->  /home/darshan/MS/model_dataset/train/P51_T1/t2.nii.gz
  Copied  P51_T1_MASK.nii.gz                   ->  /home/darshan/MS/model_dataset/train/P51_T1/mask.nii.gz

[TRAIN] P51/T2
  Copied  P51_T2_T1.nii.gz                     ->  /home/darshan/MS/model_dataset/train/P51_T2/t2.nii.gz
  Copied  P51_T2_FLAIR.nii.gz                  ->  /home/darshan/MS/model_dataset/train/P51_T2/flair.nii.gz
  Copied  P51_T2_MASK.nii.gz                   ->  /home/darshan/MS/model_dataset/train/P51_T2/mask.nii.gz

[TRAIN] P26/T1
  Copied  P26_T1_FLAIR.nii.gz                  ->  /home/darshan/MS/model_dataset/train/P26_T1/flair.nii.gz
  Copied  P26_T1_T2.nii.gz                     ->  /home/darshan/MS/model_dataset/train/P26_T1/t2.nii.gz
  Copied  P26_T1_T1.nii.gz                     ->  /home/darshan/MS/model_dataset/train/P26_T1/t1.nii.gz
  Copied  P26_T1_MASK.nii.gz                   ->  /home/darshan/MS/model_dataset/train/P26_T1/mask.nii.gz

[TRAIN] P42/T1
  Copied  P42_T1_MASK.nii.gz                   ->  /home/darshan/MS/model_dataset/train/P42_T1/mask.nii.gz
  Copied  P42_T1_T1.nii.gz                     ->  /home/darshan/MS/model_dataset/train/P42_T1/t1.nii.gz
  Copied  P42_T1_FLAIR.nii.gz                  ->  /home/darshan/MS/model_dataset/train/P42_T1/flair.nii.gz
  Copied  P42_T1_T2.nii.gz                     ->  /home/darshan/MS/model_dataset/train/P42_T1/t2.nii.gz

[TRAIN] P17/T1
  Copied  P17_T1_FLAIR.nii.gz                  ->  /home/darshan/MS/model_dataset/train/P17_T1/flair.nii.gz
  Copied  P17_T1_MASK.nii.gz                   ->  /home/darshan/MS/model_dataset/train/P17_T1/mask.nii.gz
  Copied  P17_T1_T1.nii.gz                     ->  /home/darshan/MS/model_dataset/train/P17_T1/t1.nii.gz
  Copied  P17_T1_T2.nii.gz                     ->  /home/darshan/MS/model_dataset/train/P17_T1/t2.nii.gz

[TRAIN] P16/T1
  Copied  P16_T1_T2.nii.gz                     ->  /home/darshan/MS/model_dataset/train/P16_T1/t2.nii.gz
  Copied  P16_T1_T1.nii.gz                     ->  /home/darshan/MS/model_dataset/train/P16_T1/t1.nii.gz
  Copied  P16_T1_MASK.nii.gz                   ->  /home/darshan/MS/model_dataset/train/P16_T1/mask.nii.gz
  Copied  P16_T1_FLAIR.nii.gz                  ->  /home/darshan/MS/model_dataset/train/P16_T1/flair.nii.gz

[TRAIN] P63/T1
  Copied  P63_FLAIR.nii.gz                     ->  /home/darshan/MS/model_dataset/train/P63_T1/flair.nii.gz
  Copied  P63_T2.nii.gz                        ->  /home/darshan/MS/model_dataset/train/P63_T1/t2.nii.gz
  Copied  P63_MASK.nii.gz                      ->  /home/darshan/MS/model_dataset/train/P63_T1/mask.nii.gz
  Copied  P63_T1.nii.gz                        ->  /home/darshan/MS/model_dataset/train/P63_T1/t1.nii.gz

[TRAIN] P74/T1
  Copied  P74_T2.nii.gz                        ->  /home/darshan/MS/model_dataset/train/P74_T1/t2.nii.gz
  Copied  P74_FLAIR.nii.gz                     ->  /home/darshan/MS/model_dataset/train/P74_T1/flair.nii.gz
  Copied  P74_MASK.nii.gz                      ->  /home/darshan/MS/model_dataset/train/P74_T1/mask.nii.gz
  Copied  P74_T1.nii.gz                        ->  /home/darshan/MS/model_dataset/train/P74_T1/t1.nii.gz

[TRAIN] P64/T1
  Copied  P64_MASK.nii.gz                      ->  /home/darshan/MS/model_dataset/train/P64_T1/mask.nii.gz
  Copied  P64_T1.nii.gz                        ->  /home/darshan/MS/model_dataset/train/P64_T1/t1.nii.gz
  Copied  P64_FLAIR.nii.gz                     ->  /home/darshan/MS/model_dataset/train/P64_T1/flair.nii.gz
  Copied  P64_T2.nii.gz                        ->  /home/darshan/MS/model_dataset/train/P64_T1/t2.nii.gz

[TRAIN] P49/T1
  Copied  P49_T1_T1.nii.gz                     ->  /home/darshan/MS/model_dataset/train/P49_T1/t1.nii.gz
  Copied  P49_T1_MASK.nii.gz                   ->  /home/darshan/MS/model_dataset/train/P49_T1/mask.nii.gz
  Copied  P49_T1_T2.nii.gz                     ->  /home/darshan/MS/model_dataset/train/P49_T1/t2.nii.gz
  Copied  P49_T1_FLAIR.nii.gz                  ->  /home/darshan/MS/model_dataset/train/P49_T1/flair.nii.gz

[TRAIN] P49/T2
  Copied  P49_T2_MASK.nii.gz                   ->  /home/darshan/MS/model_dataset/train/P49_T2/mask.nii.gz
  Copied  P49_T2_T1.nii.gz                     ->  /home/darshan/MS/model_dataset/train/P49_T2/t2.nii.gz
  Copied  P49_T2_FLAIR.nii.gz                  ->  /home/darshan/MS/model_dataset/train/P49_T2/flair.nii.gz

[TRAIN] P45/T1
  Copied  P45_T1_T2.nii.gz                     ->  /home/darshan/MS/model_dataset/train/P45_T1/t2.nii.gz
  Copied  P45_T1_MASK.nii.gz                   ->  /home/darshan/MS/model_dataset/train/P45_T1/mask.nii.gz
  Copied  P45_T1_FLAIR.nii.gz                  ->  /home/darshan/MS/model_dataset/train/P45_T1/flair.nii.gz
  Copied  P45_T1_T1.nii.gz                     ->  /home/darshan/MS/model_dataset/train/P45_T1/t1.nii.gz

[TRAIN] P23/T1
  Copied  P23_T1_T2.nii.gz                     ->  /home/darshan/MS/model_dataset/train/P23_T1/t2.nii.gz
  Copied  P23_T1_T1.nii.gz                     ->  /home/darshan/MS/model_dataset/train/P23_T1/t1.nii.gz
  Copied  P23_T1_MASK.nii.gz                   ->  /home/darshan/MS/model_dataset/train/P23_T1/mask.nii.gz
  Copied  P23_T1_FLAIR.nii.gz                  ->  /home/darshan/MS/model_dataset/train/P23_T1/flair.nii.gz

[TRAIN] P69/T1
  Copied  P69_T1.nii.gz                        ->  /home/darshan/MS/model_dataset/train/P69_T1/t1.nii.gz
  Copied  P69_T2.nii.gz                        ->  /home/darshan/MS/model_dataset/train/P69_T1/t2.nii.gz
  Copied  P69_FLAIR.nii.gz                     ->  /home/darshan/MS/model_dataset/train/P69_T1/flair.nii.gz
  Copied  P69_MASK.nii.gz                      ->  /home/darshan/MS/model_dataset/train/P69_T1/mask.nii.gz

[TRAIN] P61/T1
  Copied  P61_T2.nii.gz                        ->  /home/darshan/MS/model_dataset/train/P61_T1/t2.nii.gz
  Copied  P61_FLAIR.nii.gz                     ->  /home/darshan/MS/model_dataset/train/P61_T1/flair.nii.gz
  Copied  P61_MASK.nii.gz                      ->  /home/darshan/MS/model_dataset/train/P61_T1/mask.nii.gz
  Copied  P61_T1.nii.gz                        ->  /home/darshan/MS/model_dataset/train/P61_T1/t1.nii.gz

[TRAIN] P37/T1
  Copied  P37_T1_T1.nii.gz                     ->  /home/darshan/MS/model_dataset/train/P37_T1/t1.nii.gz
  Copied  P37_T1_T2.nii.gz                     ->  /home/darshan/MS/model_dataset/train/P37_T1/t2.nii.gz
  Copied  P37_T1_MASK.nii.gz                   ->  /home/darshan/MS/model_dataset/train/P37_T1/mask.nii.gz
  Copied  P37_T1_FLAIR.nii.gz                  ->  /home/darshan/MS/model_dataset/train/P37_T1/flair.nii.gz

[TRAIN] P6/T1
  Copied  P6_T1_MASK.nii.gz                    ->  /home/darshan/MS/model_dataset/train/P6_T1/mask.nii.gz
  Copied  P6_T1_T1.nii.gz                      ->  /home/darshan/MS/model_dataset/train/P6_T1/t1.nii.gz
  Copied  P6_T1_T2.nii.gz                      ->  /home/darshan/MS/model_dataset/train/P6_T1/t2.nii.gz
  Copied  P6_T1_FLAIR.nii.gz                   ->  /home/darshan/MS/model_dataset/train/P6_T1/flair.nii.gz

[TRAIN] P6/T2
  Copied  P6_T2_T2.nii.gz                      ->  /home/darshan/MS/model_dataset/train/P6_T2/t2.nii.gz
  Copied  P6_T2_MASK.nii.gz                    ->  /home/darshan/MS/model_dataset/train/P6_T2/mask.nii.gz
  Copied  P6_T2_FLAIR.nii.gz                   ->  /home/darshan/MS/model_dataset/train/P6_T2/flair.nii.gz

[TRAIN] P6/T3
  Copied  P6_T3_T2.nii.gz                      ->  /home/darshan/MS/model_dataset/train/P6_T3/t2.nii.gz
  Copied  P6_T3_FLAIR.nii.gz                   ->  /home/darshan/MS/model_dataset/train/P6_T3/flair.nii.gz
  Copied  P6_T3_T1.nii.gz                      ->  /home/darshan/MS/model_dataset/train/P6_T3/t1.nii.gz
  Copied  P6_T3_MASK.nii.gz                    ->  /home/darshan/MS/model_dataset/train/P6_T3/mask.nii.gz

[TRAIN] P36/T1
  Copied  P36_T1_T1.nii.gz                     ->  /home/darshan/MS/model_dataset/train/P36_T1/t1.nii.gz
  Copied  P36_T1_MASK.nii.gz                   ->  /home/darshan/MS/model_dataset/train/P36_T1/mask.nii.gz
  Copied  P36_T1_FLAIR.nii.gz                  ->  /home/darshan/MS/model_dataset/train/P36_T1/flair.nii.gz
  Copied  P36_T1_T2.nii.gz                     ->  /home/darshan/MS/model_dataset/train/P36_T1/t2.nii.gz

[TRAIN] P54/T1
  Copied  P54_FLAIR.nii.gz                     ->  /home/darshan/MS/model_dataset/train/P54_T1/flair.nii.gz
  Copied  P54_T2.nii.gz                        ->  /home/darshan/MS/model_dataset/train/P54_T1/t2.nii.gz
  Copied  P54_MASK.nii.gz                      ->  /home/darshan/MS/model_dataset/train/P54_T1/mask.nii.gz
  Copied  P54_T1.nii.gz                        ->  /home/darshan/MS/model_dataset/train/P54_T1/t1.nii.gz

[TRAIN] P57/T1
  Copied  P57_T1.nii.gz                        ->  /home/darshan/MS/model_dataset/train/P57_T1/t1.nii.gz
  Copied  P57_T2.nii.gz                        ->  /home/darshan/MS/model_dataset/train/P57_T1/t2.nii.gz
  Copied  P57_FLAIR.nii.gz                     ->  /home/darshan/MS/model_dataset/train/P57_T1/flair.nii.gz
  Copied  P57_MASK.nii.gz                      ->  /home/darshan/MS/model_dataset/train/P57_T1/mask.nii.gz

[TRAIN] P67/T1
  Copied  P67_T2.nii.gz                        ->  /home/darshan/MS/model_dataset/train/P67_T1/t2.nii.gz
  Copied  P67_MASK.nii.gz                      ->  /home/darshan/MS/model_dataset/train/P67_T1/mask.nii.gz
  Copied  P67_FLAIR.nii.gz                     ->  /home/darshan/MS/model_dataset/train/P67_T1/flair.nii.gz
  Copied  P67_T1.nii.gz                        ->  /home/darshan/MS/model_dataset/train/P67_T1/t1.nii.gz

[TRAIN] P27/T1
  Copied  P27_T1_T2.nii.gz                     ->  /home/darshan/MS/model_dataset/train/P27_T1/t2.nii.gz
  Copied  P27_T1_T1.nii.gz                     ->  /home/darshan/MS/model_dataset/train/P27_T1/t1.nii.gz
  Copied  P27_T1_FLAIR.nii.gz                  ->  /home/darshan/MS/model_dataset/train/P27_T1/flair.nii.gz
  Copied  P27_T1_MASK.nii.gz                   ->  /home/darshan/MS/model_dataset/train/P27_T1/mask.nii.gz

[TRAIN] P28/T1
  Copied  P28_T1_FLAIR.nii.gz                  ->  /home/darshan/MS/model_dataset/train/P28_T1/flair.nii.gz
  Copied  P28_T1_T2.nii.gz                     ->  /home/darshan/MS/model_dataset/train/P28_T1/t2.nii.gz
  Copied  P28_T1_MASK.nii.gz                   ->  /home/darshan/MS/model_dataset/train/P28_T1/mask.nii.gz
  Copied  P28_T1_T1.nii.gz                     ->  /home/darshan/MS/model_dataset/train/P28_T1/t1.nii.gz

[TRAIN] P28/T2
  Copied  P28_T2_T1.nii.gz                     ->  /home/darshan/MS/model_dataset/train/P28_T2/t2.nii.gz
  Copied  P28_T2_MASK.nii.gz                   ->  /home/darshan/MS/model_dataset/train/P28_T2/mask.nii.gz
  Copied  P28_T2_FLAIR.nii.gz                  ->  /home/darshan/MS/model_dataset/train/P28_T2/flair.nii.gz

[TRAIN] P46/T1
  Copied  P46_T1_T1.nii.gz                     ->  /home/darshan/MS/model_dataset/train/P46_T1/t1.nii.gz
  Copied  P46_T1_MASK.nii.gz                   ->  /home/darshan/MS/model_dataset/train/P46_T1/mask.nii.gz
  Copied  P46_T1_T2.nii.gz                     ->  /home/darshan/MS/model_dataset/train/P46_T1/t2.nii.gz
  Copied  P46_T1_FLAIR.nii.gz                  ->  /home/darshan/MS/model_dataset/train/P46_T1/flair.nii.gz

[TRAIN] P56/T1
  Copied  P56_MASK.nii.gz                      ->  /home/darshan/MS/model_dataset/train/P56_T1/mask.nii.gz
  Copied  P56_T2.nii.gz                        ->  /home/darshan/MS/model_dataset/train/P56_T1/t2.nii.gz
  Copied  P56_T1.nii.gz                        ->  /home/darshan/MS/model_dataset/train/P56_T1/t1.nii.gz
  Copied  P56_FLAIR.nii.gz                     ->  /home/darshan/MS/model_dataset/train/P56_T1/flair.nii.gz

[TRAIN] P11/T1
  Copied  P11_T1_FLAIR.nii.gz                  ->  /home/darshan/MS/model_dataset/train/P11_T1/flair.nii.gz
  Copied  P11_T1_T1.nii.gz                     ->  /home/darshan/MS/model_dataset/train/P11_T1/t1.nii.gz
  Copied  P11_T1_MASK.nii.gz                   ->  /home/darshan/MS/model_dataset/train/P11_T1/mask.nii.gz
  Copied  P11_T1_T2.nii.gz                     ->  /home/darshan/MS/model_dataset/train/P11_T1/t2.nii.gz

[TRAIN] P11/T2
  Copied  P11_T2_T1.nii.gz                     ->  /home/darshan/MS/model_dataset/train/P11_T2/t2.nii.gz
  Copied  P11_T2_MASK.nii.gz                   ->  /home/darshan/MS/model_dataset/train/P11_T2/mask.nii.gz
  Copied  P11_T2_FLAIR.nii.gz                  ->  /home/darshan/MS/model_dataset/train/P11_T2/flair.nii.gz

[TRAIN] P60/T1
  Copied  P60_MASK.nii.gz                      ->  /home/darshan/MS/model_dataset/train/P60_T1/mask.nii.gz
  Copied  P60_T1.nii.gz                        ->  /home/darshan/MS/model_dataset/train/P60_T1/t1.nii.gz
  Copied  P60_FLAIR.nii.gz                     ->  /home/darshan/MS/model_dataset/train/P60_T1/flair.nii.gz
  Copied  P60_T2.nii.gz                        ->  /home/darshan/MS/model_dataset/train/P60_T1/t2.nii.gz

[TRAIN] P68/T1
  Copied  P68_MASK.nii.gz                      ->  /home/darshan/MS/model_dataset/train/P68_T1/mask.nii.gz
  Copied  P68_T2.nii.gz                        ->  /home/darshan/MS/model_dataset/train/P68_T1/t2.nii.gz
  Copied  P68_FLAIR.nii.gz                     ->  /home/darshan/MS/model_dataset/train/P68_T1/flair.nii.gz
  Copied  P68_T1.nii.gz                        ->  /home/darshan/MS/model_dataset/train/P68_T1/t1.nii.gz

[TRAIN] P7/T1
  Copied  P7_T1_FLAIR.nii.gz                   ->  /home/darshan/MS/model_dataset/train/P7_T1/flair.nii.gz
  Copied  P7_T1_T1.nii.gz                      ->  /home/darshan/MS/model_dataset/train/P7_T1/t1.nii.gz
  Copied  P7_T1_MASK.nii.gz                    ->  /home/darshan/MS/model_dataset/train/P7_T1/mask.nii.gz
  Copied  P7_T1_T2.nii.gz                      ->  /home/darshan/MS/model_dataset/train/P7_T1/t2.nii.gz

[TRAIN] P7/T2
  Copied  P7_T2_T1.nii.gz                      ->  /home/darshan/MS/model_dataset/train/P7_T2/t2.nii.gz
  Copied  P7_T2_MASK.nii.gz                    ->  /home/darshan/MS/model_dataset/train/P7_T2/mask.nii.gz
  Copied  P7_T2_FLAIR.nii.gz                   ->  /home/darshan/MS/model_dataset/train/P7_T2/flair.nii.gz

[TRAIN] P55/T1
  Copied  P55_T1.nii.gz                        ->  /home/darshan/MS/model_dataset/train/P55_T1/t1.nii.gz
  Copied  P55_MASK.nii.gz                      ->  /home/darshan/MS/model_dataset/train/P55_T1/mask.nii.gz
  Copied  P55_FLAIR.nii.gz                     ->  /home/darshan/MS/model_dataset/train/P55_T1/flair.nii.gz
  Copied  P55_T2.nii.gz                        ->  /home/darshan/MS/model_dataset/train/P55_T1/t2.nii.gz

[TRAIN] P30/T1
  Copied  P30_T1_FLAIR.nii.gz                  ->  /home/darshan/MS/model_dataset/train/P30_T1/flair.nii.gz
  Copied  P30_T1_T2.nii.gz                     ->  /home/darshan/MS/model_dataset/train/P30_T1/t2.nii.gz
  Copied  P30_T1_T1.nii.gz                     ->  /home/darshan/MS/model_dataset/train/P30_T1/t1.nii.gz
  Copied  P30_T1_MASK.nii.gz                   ->  /home/darshan/MS/model_dataset/train/P30_T1/mask.nii.gz

[TRAIN] P62/T1
  Copied  P62_MASK.nii.gz                      ->  /home/darshan/MS/model_dataset/train/P62_T1/mask.nii.gz
  Copied  P62_FLAIR.nii.gz                     ->  /home/darshan/MS/model_dataset/train/P62_T1/flair.nii.gz
  Copied  P62_T2.nii.gz                        ->  /home/darshan/MS/model_dataset/train/P62_T1/t2.nii.gz
  Copied  P62_T1.nii.gz                        ->  /home/darshan/MS/model_dataset/train/P62_T1/t1.nii.gz

[TRAIN] P32/T1
  Copied  P32_T1_FLAIR.nii.gz                  ->  /home/darshan/MS/model_dataset/train/P32_T1/flair.nii.gz
  Copied  P32_T1_T2.nii.gz                     ->  /home/darshan/MS/model_dataset/train/P32_T1/t2.nii.gz
  Copied  P32_T1_T1.nii.gz                     ->  /home/darshan/MS/model_dataset/train/P32_T1/t1.nii.gz
  Copied  P32_T1_MASK.nii.gz                   ->  /home/darshan/MS/model_dataset/train/P32_T1/mask.nii.gz

[TRAIN] P24/T1
  Copied  P24_T1_T1.nii.gz                     ->  /home/darshan/MS/model_dataset/train/P24_T1/t1.nii.gz
  Copied  P24_T1_FLAIR.nii.gz                  ->  /home/darshan/MS/model_dataset/train/P24_T1/flair.nii.gz
  Copied  P24_T1_T2.nii.gz                     ->  /home/darshan/MS/model_dataset/train/P24_T1/t2.nii.gz
  Copied  P24_T1_MASK.nii.gz                   ->  /home/darshan/MS/model_dataset/train/P24_T1/mask.nii.gz

[TRAIN] P4/T1
  Copied  P4_T1_MASK.nii.gz                    ->  /home/darshan/MS/model_dataset/train/P4_T1/mask.nii.gz
  Copied  P4_T1_FLAIR.nii.gz                   ->  /home/darshan/MS/model_dataset/train/P4_T1/flair.nii.gz
  Copied  P4_T1_T1.nii.gz                      ->  /home/darshan/MS/model_dataset/train/P4_T1/t1.nii.gz
  Copied  P4_T1_T2.nii.gz                      ->  /home/darshan/MS/model_dataset/train/P4_T1/t2.nii.gz

[TRAIN] P4/T2
  Copied  P4_T2_T2.nii.gz                      ->  /home/darshan/MS/model_dataset/train/P4_T2/t2.nii.gz
  Copied  P4_T2_MASK.nii.gz                    ->  /home/darshan/MS/model_dataset/train/P4_T2/mask.nii.gz
  Copied  P4_T2_FLAIR.nii.gz                   ->  /home/darshan/MS/model_dataset/train/P4_T2/flair.nii.gz

[TRAIN] P4/T3
  Copied  P4_T3_FLAIR.nii.gz                   ->  /home/darshan/MS/model_dataset/train/P4_T3/flair.nii.gz
  Copied  P4_T3_T2.nii.gz                      ->  /home/darshan/MS/model_dataset/train/P4_T3/t2.nii.gz
  Copied  P4_T3_T1.nii.gz                      ->  /home/darshan/MS/model_dataset/train/P4_T3/t1.nii.gz
  Copied  P4_T3_MASK.nii.gz                    ->  /home/darshan/MS/model_dataset/train/P4_T3/mask.nii.gz

[TRAIN] P3/T1
  Copied  P3_T1_T2.nii.gz                      ->  /home/darshan/MS/model_dataset/train/P3_T1/t2.nii.gz
  Copied  P3_T1_T1.nii.gz                      ->  /home/darshan/MS/model_dataset/train/P3_T1/t1.nii.gz
  Copied  P3_T1_MASK.nii.gz                    ->  /home/darshan/MS/model_dataset/train/P3_T1/mask.nii.gz
  Copied  P3_T1_FLAIR.nii.gz                   ->  /home/darshan/MS/model_dataset/train/P3_T1/flair.nii.gz

[TRAIN] P3/T2
  Copied  P3_T2_MASK.nii.gz                    ->  /home/darshan/MS/model_dataset/train/P3_T2/mask.nii.gz
  Copied  P3_T2_FLAIR.nii.gz                   ->  /home/darshan/MS/model_dataset/train/P3_T2/flair.nii.gz
  Copied  P3_T2_T2.nii.gz                      ->  /home/darshan/MS/model_dataset/train/P3_T2/t2.nii.gz

[TRAIN] P3/T3
  Copied  P3_T3_T1.nii.gz                      ->  /home/darshan/MS/model_dataset/train/P3_T3/t1.nii.gz
  Copied  P3_T3_MASK.nii.gz                    ->  /home/darshan/MS/model_dataset/train/P3_T3/mask.nii.gz
  Copied  P3_T3_FLAIR.nii.gz                   ->  /home/darshan/MS/model_dataset/train/P3_T3/flair.nii.gz
  Copied  P3_T3_T2.nii.gz                      ->  /home/darshan/MS/model_dataset/train/P3_T3/t2.nii.gz

[TRAIN] P3/T4
  Copied  P3_T4_MASK.nii.gz                    ->  /home/darshan/MS/model_dataset/train/P3_T4/mask.nii.gz
  Copied  P3_T4_T2.nii.gz                      ->  /home/darshan/MS/model_dataset/train/P3_T4/t2.nii.gz
  Copied  P3_T4_T1.nii.gz                      ->  /home/darshan/MS/model_dataset/train/P3_T4/t1.nii.gz
  Copied  P3_T4_FLAIR.nii.gz                   ->  /home/darshan/MS/model_dataset/train/P3_T4/flair.nii.gz

[TRAIN] P53/T1
  Copied  P53_T1_FLAIR.nii.gz                  ->  /home/darshan/MS/model_dataset/train/P53_T1/flair.nii.gz
  Copied  P53_T1_T2.nii.gz                     ->  /home/darshan/MS/model_dataset/train/P53_T1/t2.nii.gz
  Copied  P53_T1_MASK.nii.gz                   ->  /home/darshan/MS/model_dataset/train/P53_T1/mask.nii.gz
  Copied  P53_T1_T1.nii.gz                     ->  /home/darshan/MS/model_dataset/train/P53_T1/t1.nii.gz

[TRAIN] P53/T2
  Copied  P53_T2_T2.nii.gz                     ->  /home/darshan/MS/model_dataset/train/P53_T2/t2.nii.gz
  Copied  P53_T2_FLAIR.nii.gz                  ->  /home/darshan/MS/model_dataset/train/P53_T2/flair.nii.gz
  Copied  P53_T2_MASK.nii.gz                   ->  /home/darshan/MS/model_dataset/train/P53_T2/mask.nii.gz

[TRAIN] P31/T1
  Copied  P31_T1_T2.nii.gz                     ->  /home/darshan/MS/model_dataset/train/P31_T1/t2.nii.gz
  Copied  P31_T1_T1.nii.gz                     ->  /home/darshan/MS/model_dataset/train/P31_T1/t1.nii.gz
  Copied  P31_T1_FLAIR.nii.gz                  ->  /home/darshan/MS/model_dataset/train/P31_T1/flair.nii.gz
  Copied  P31_T1_MASK.nii.gz                   ->  /home/darshan/MS/model_dataset/train/P31_T1/mask.nii.gz

[TRAIN] P31/T2
  Copied  P31_T2_T2.nii.gz                     ->  /home/darshan/MS/model_dataset/train/P31_T2/t2.nii.gz
  Copied  P31_T2_FLAIR.nii.gz                  ->  /home/darshan/MS/model_dataset/train/P31_T2/flair.nii.gz
  Copied  P31_T2_MASK.nii.gz                   ->  /home/darshan/MS/model_dataset/train/P31_T2/mask.nii.gz

[TRAIN] P14/T1
  Copied  P14_T1_MASK.nii.gz                   ->  /home/darshan/MS/model_dataset/train/P14_T1/mask.nii.gz
  Copied  P14_T1_T1.nii.gz                     ->  /home/darshan/MS/model_dataset/train/P14_T1/t1.nii.gz
  Copied  P14_T1_FLAIR.nii.gz                  ->  /home/darshan/MS/model_dataset/train/P14_T1/flair.nii.gz
  Copied  P14_T1_T2.nii.gz                     ->  /home/darshan/MS/model_dataset/train/P14_T1/t2.nii.gz

[TRAIN] P14/T2
  Copied  P14_T2_T1.nii.gz                     ->  /home/darshan/MS/model_dataset/train/P14_T2/t2.nii.gz
  Copied  P14_T2_FLAIR.nii.gz                  ->  /home/darshan/MS/model_dataset/train/P14_T2/flair.nii.gz
  Copied  P14_T2_MASK.nii.gz                   ->  /home/darshan/MS/model_dataset/train/P14_T2/mask.nii.gz

[TRAIN] P14/T3
  Copied  P14_T3_MASK.nii.gz                   ->  /home/darshan/MS/model_dataset/train/P14_T3/mask.nii.gz
  Copied  P14_T3_T2.nii.gz                     ->  /home/darshan/MS/model_dataset/train/P14_T3/t2.nii.gz
  Copied  P14_T3_T1.nii.gz                     ->  /home/darshan/MS/model_dataset/train/P14_T3/t1.nii.gz
  Copied  P14_T3_FLAIR.nii.gz                  ->  /home/darshan/MS/model_dataset/train/P14_T3/flair.nii.gz

[TRAIN] P14/T4
  Copied  P14_T4_FLAIR.nii.gz                  ->  /home/darshan/MS/model_dataset/train/P14_T4/flair.nii.gz
  Copied  P14_T4_T2.nii.gz                     ->  /home/darshan/MS/model_dataset/train/P14_T4/t2.nii.gz
  Copied  P14_T4_MASK.nii.gz                   ->  /home/darshan/MS/model_dataset/train/P14_T4/mask.nii.gz
  Copied  P14_T4_T1.nii.gz                     ->  /home/darshan/MS/model_dataset/train/P14_T4/t1.nii.gz

[TRAIN] P15/T1
  Copied  P15_T1_FLAIR.nii.gz                  ->  /home/darshan/MS/model_dataset/train/P15_T1/flair.nii.gz
  Copied  P15_T1_T2.nii.gz                     ->  /home/darshan/MS/model_dataset/train/P15_T1/t2.nii.gz
  Copied  P15_T1_MASK.nii.gz                   ->  /home/darshan/MS/model_dataset/train/P15_T1/mask.nii.gz
  Copied  P15_T1_T1.nii.gz                     ->  /home/darshan/MS/model_dataset/train/P15_T1/t1.nii.gz

[TRAIN] P48/T1
  Copied  P48_T1_T1.nii.gz                     ->  /home/darshan/MS/model_dataset/train/P48_T1/t1.nii.gz
  Copied  P48_T1_T2.nii.gz                     ->  /home/darshan/MS/model_dataset/train/P48_T1/t2.nii.gz
  Copied  P48_T1_FLAIR.nii.gz                  ->  /home/darshan/MS/model_dataset/train/P48_T1/flair.nii.gz
  Copied  P48_T1_MASK.nii.gz                   ->  /home/darshan/MS/model_dataset/train/P48_T1/mask.nii.gz

[TRAIN] P66/T1
  Copied  P66_MASK.nii.gz                      ->  /home/darshan/MS/model_dataset/train/P66_T1/mask.nii.gz
  Copied  P66_T1.nii.gz                        ->  /home/darshan/MS/model_dataset/train/P66_T1/t1.nii.gz
  Copied  P66_T2.nii.gz                        ->  /home/darshan/MS/model_dataset/train/P66_T1/t2.nii.gz
  Copied  P66_FLAIR.nii.gz                     ->  /home/darshan/MS/model_dataset/train/P66_T1/flair.nii.gz

[TRAIN] P18/T1
  Copied  P18_T1_MASK.nii.gz                   ->  /home/darshan/MS/model_dataset/train/P18_T1/mask.nii.gz
  Copied  P18_T1_T2.nii.gz                     ->  /home/darshan/MS/model_dataset/train/P18_T1/t2.nii.gz
  Copied  P18_T1_T1.nii.gz                     ->  /home/darshan/MS/model_dataset/train/P18_T1/t1.nii.gz
  Copied  P18_T1_FLAIR.nii.gz                  ->  /home/darshan/MS/model_dataset/train/P18_T1/flair.nii.gz

[TRAIN] P52/T1
  Copied  P52_T1_FLAIR.nii.gz                  ->  /home/darshan/MS/model_dataset/train/P52_T1/flair.nii.gz
  Copied  P52_T1_T1.nii.gz                     ->  /home/darshan/MS/model_dataset/train/P52_T1/t1.nii.gz
  Copied  P52_T1_T2.nii.gz                     ->  /home/darshan/MS/model_dataset/train/P52_T1/t2.nii.gz
  Copied  P52_T1_MASK.nii.gz                   ->  /home/darshan/MS/model_dataset/train/P52_T1/mask.nii.gz

[TRAIN] P52/T2
  Copied  P52_T2_T2.nii.gz                     ->  /home/darshan/MS/model_dataset/train/P52_T2/t2.nii.gz
  Copied  P52_T2_FLAIR.nii.gz                  ->  /home/darshan/MS/model_dataset/train/P52_T2/flair.nii.gz
  Copied  P52_T2_MASK.nii.gz                   ->  /home/darshan/MS/model_dataset/train/P52_T2/mask.nii.gz

[TRAIN] P29/T1
  Copied  P29_T1_FLAIR.nii.gz                  ->  /home/darshan/MS/model_dataset/train/P29_T1/flair.nii.gz
  Copied  P29_T1_MASK.nii.gz                   ->  /home/darshan/MS/model_dataset/train/P29_T1/mask.nii.gz
  Copied  P29_T1_T1.nii.gz                     ->  /home/darshan/MS/model_dataset/train/P29_T1/t1.nii.gz
  Copied  P29_T1_T2.nii.gz                     ->  /home/darshan/MS/model_dataset/train/P29_T1/t2.nii.gz

[TRAIN] P34/T1
  Copied  P34_T1_T2.nii.gz                     ->  /home/darshan/MS/model_dataset/train/P34_T1/t2.nii.gz
  Copied  P34_T1_MASK.nii.gz                   ->  /home/darshan/MS/model_dataset/train/P34_T1/mask.nii.gz
  Copied  P34_T1_FLAIR.nii.gz                  ->  /home/darshan/MS/model_dataset/train/P34_T1/flair.nii.gz
  Copied  P34_T1_T1.nii.gz                     ->  /home/darshan/MS/model_dataset/train/P34_T1/t1.nii.gz

[TRAIN] P58/T1
  Copied  P58_MASK.nii.gz                      ->  /home/darshan/MS/model_dataset/train/P58_T1/mask.nii.gz
  Copied  P58_T1.nii.gz                        ->  /home/darshan/MS/model_dataset/train/P58_T1/t1.nii.gz
  Copied  P58_FLAIR.nii.gz                     ->  /home/darshan/MS/model_dataset/train/P58_T1/flair.nii.gz
  Copied  P58_T2.nii.gz                        ->  /home/darshan/MS/model_dataset/train/P58_T1/t2.nii.gz

[TRAIN] P19/T1
  Copied  P19_T1_T2.nii.gz                     ->  /home/darshan/MS/model_dataset/train/P19_T1/t2.nii.gz
  Copied  P19_T1_FLAIR.nii.gz                  ->  /home/darshan/MS/model_dataset/train/P19_T1/flair.nii.gz
  Copied  P19_T1_MASK.nii.gz                   ->  /home/darshan/MS/model_dataset/train/P19_T1/mask.nii.gz
  Copied  P19_T1_T1.nii.gz                     ->  /home/darshan/MS/model_dataset/train/P19_T1/t1.nii.gz

[TRAIN] P19/T2
  Copied  P19_T2_T2.nii.gz                     ->  /home/darshan/MS/model_dataset/train/P19_T2/t2.nii.gz
  Copied  P19_T2_FLAIR.nii.gz                  ->  /home/darshan/MS/model_dataset/train/P19_T2/flair.nii.gz
  Copied  P19_T2_MASK.nii.gz                   ->  /home/darshan/MS/model_dataset/train/P19_T2/mask.nii.gz

[TRAIN] P19/T3
  Copied  P19_T3_MASK.nii.gz                   ->  /home/darshan/MS/model_dataset/train/P19_T3/mask.nii.gz
  Copied  P19_T3_T1.nii.gz                     ->  /home/darshan/MS/model_dataset/train/P19_T3/t1.nii.gz
  Copied  P19_T3_T2.nii.gz                     ->  /home/darshan/MS/model_dataset/train/P19_T3/t2.nii.gz
  Copied  P19_T3_FLAIR.nii.gz                  ->  /home/darshan/MS/model_dataset/train/P19_T3/flair.nii.gz

[TRAIN] P19/T4
  Copied  P19_T4_T2.nii.gz                     ->  /home/darshan/MS/model_dataset/train/P19_T4/t2.nii.gz
  Copied  P19_T4_MASK.nii.gz                   ->  /home/darshan/MS/model_dataset/train/P19_T4/mask.nii.gz
  Copied  P19_T4_T1.nii.gz                     ->  /home/darshan/MS/model_dataset/train/P19_T4/t1.nii.gz
  Copied  P19_T4_FLAIR.nii.gz                  ->  /home/darshan/MS/model_dataset/train/P19_T4/flair.nii.gz

[TRAIN] P1/T1
  Copied  P1_T1_MASK.nii.gz                    ->  /home/darshan/MS/model_dataset/train/P1_T1/mask.nii.gz
  Copied  P1_T1_T1.nii.gz                      ->  /home/darshan/MS/model_dataset/train/P1_T1/t1.nii.gz
  Copied  P1_T1_T2.nii.gz                      ->  /home/darshan/MS/model_dataset/train/P1_T1/t2.nii.gz
  Copied  P1_T1_FLAIR.nii.gz                   ->  /home/darshan/MS/model_dataset/train/P1_T1/flair.nii.gz

[TRAIN] P1/T2
  Copied  P1_T2_FLAIR.nii.gz                   ->  /home/darshan/MS/model_dataset/train/P1_T2/flair.nii.gz
  Copied  P1_T2_MASK.nii.gz                    ->  /home/darshan/MS/model_dataset/train/P1_T2/mask.nii.gz
  Copied  P1_T2_T2.nii.gz                      ->  /home/darshan/MS/model_dataset/train/P1_T2/t2.nii.gz

[TRAIN] P1/T3
  Copied  P1_T3_MASK.nii.gz                    ->  /home/darshan/MS/model_dataset/train/P1_T3/mask.nii.gz
  Copied  P1_T3_T1.nii.gz                      ->  /home/darshan/MS/model_dataset/train/P1_T3/t1.nii.gz
  Copied  P1_T3_T2.nii.gz                      ->  /home/darshan/MS/model_dataset/train/P1_T3/t2.nii.gz
  Copied  P1_T3_FLAIR.nii.gz                   ->  /home/darshan/MS/model_dataset/train/P1_T3/flair.nii.gz

[TRAIN] P72/T1
  Copied  P72_MASK.nii.gz                      ->  /home/darshan/MS/model_dataset/train/P72_T1/mask.nii.gz
  Copied  P72_T1.nii.gz                        ->  /home/darshan/MS/model_dataset/train/P72_T1/t1.nii.gz
  Copied  P72_T2.nii.gz                        ->  /home/darshan/MS/model_dataset/train/P72_T1/t2.nii.gz
  Copied  P72_FLAIR.nii.gz                     ->  /home/darshan/MS/model_dataset/train/P72_T1/flair.nii.gz

[TRAIN] P43/T1
  Copied  P43_T1_T1.nii.gz                     ->  /home/darshan/MS/model_dataset/train/P43_T1/t1.nii.gz
  Copied  P43_T1_FLAIR.nii.gz                  ->  /home/darshan/MS/model_dataset/train/P43_T1/flair.nii.gz
  Copied  P43_T1_T2.nii.gz                     ->  /home/darshan/MS/model_dataset/train/P43_T1/t2.nii.gz
  Copied  P43_T1_MASK.nii.gz                   ->  /home/darshan/MS/model_dataset/train/P43_T1/mask.nii.gz

[TRAIN] P73/T1
  Copied  P73_T2.nii.gz                        ->  /home/darshan/MS/model_dataset/train/P73_T1/t2.nii.gz
  Copied  P73_T1.nii.gz                        ->  /home/darshan/MS/model_dataset/train/P73_T1/t1.nii.gz
  Copied  P73_MASK.nii.gz                      ->  /home/darshan/MS/model_dataset/train/P73_T1/mask.nii.gz
  Copied  P73_FLAIR.nii.gz                     ->  /home/darshan/MS/model_dataset/train/P73_T1/flair.nii.gz

[TRAIN] P65/T1
  Copied  P65_MASK.nii.gz                      ->  /home/darshan/MS/model_dataset/train/P65_T1/mask.nii.gz
  Copied  P65_T2.nii.gz                        ->  /home/darshan/MS/model_dataset/train/P65_T1/t2.nii.gz
  Copied  P65_T1.nii.gz                        ->  /home/darshan/MS/model_dataset/train/P65_T1/t1.nii.gz
  Copied  P65_FLAIR.nii.gz                     ->  /home/darshan/MS/model_dataset/train/P65_T1/flair.nii.gz

[TRAIN] P33/T1
  Copied  P33_T1_FLAIR.nii.gz                  ->  /home/darshan/MS/model_dataset/train/P33_T1/flair.nii.gz
  Copied  P33_T1_T1.nii.gz                     ->  /home/darshan/MS/model_dataset/train/P33_T1/t1.nii.gz
  Copied  P33_T1_MASK.nii.gz                   ->  /home/darshan/MS/model_dataset/train/P33_T1/mask.nii.gz
  Copied  P33_T1_T2.nii.gz                     ->  /home/darshan/MS/model_dataset/train/P33_T1/t2.nii.gz

[TRAIN] P33/T2
  Copied  P33_T2_MASK.nii.gz                   ->  /home/darshan/MS/model_dataset/train/P33_T2/mask.nii.gz
  Copied  P33_T2_FLAIR.nii.gz                  ->  /home/darshan/MS/model_dataset/train/P33_T2/flair.nii.gz
  Copied  P33_T2_T2.nii.gz                     ->  /home/darshan/MS/model_dataset/train/P33_T2/t2.nii.gz

[TRAIN] P40/T1
  Copied  P40_T1_MASK.nii.gz                   ->  /home/darshan/MS/model_dataset/train/P40_T1/mask.nii.gz
  Copied  P40_T1_T2.nii.gz                     ->  /home/darshan/MS/model_dataset/train/P40_T1/t2.nii.gz
  Copied  P40_T1_T1.nii.gz                     ->  /home/darshan/MS/model_dataset/train/P40_T1/t1.nii.gz
  Copied  P40_T1_FLAIR.nii.gz                  ->  /home/darshan/MS/model_dataset/train/P40_T1/flair.nii.gz

[TRAIN] P5/T1
  Copied  P5_T1_T2.nii.gz                      ->  /home/darshan/MS/model_dataset/train/P5_T1/t2.nii.gz
  Copied  P5_T1_FLAIR.nii.gz                   ->  /home/darshan/MS/model_dataset/train/P5_T1/flair.nii.gz
  Copied  P5_T1_T1.nii.gz                      ->  /home/darshan/MS/model_dataset/train/P5_T1/t1.nii.gz
  Copied  P5_T1_MASK.nii.gz                    ->  /home/darshan/MS/model_dataset/train/P5_T1/mask.nii.gz

[TRAIN] P5/T2
  Copied  P5_T2_T1.nii.gz                      ->  /home/darshan/MS/model_dataset/train/P5_T2/t2.nii.gz
  Copied  P5_T2_MASK.nii.gz                    ->  /home/darshan/MS/model_dataset/train/P5_T2/mask.nii.gz
  Copied  P5_T2_FLAIR.nii.gz                   ->  /home/darshan/MS/model_dataset/train/P5_T2/flair.nii.gz

[TRAIN] P47/T1
  Copied  P47_T1_T1.nii.gz                     ->  /home/darshan/MS/model_dataset/train/P47_T1/t1.nii.gz
  Copied  P47_T1_T2.nii.gz                     ->  /home/darshan/MS/model_dataset/train/P47_T1/t2.nii.gz
  Copied  P47_T1_MASK.nii.gz                   ->  /home/darshan/MS/model_dataset/train/P47_T1/mask.nii.gz
  Copied  P47_T1_FLAIR.nii.gz                  ->  /home/darshan/MS/model_dataset/train/P47_T1/flair.nii.gz

[TRAIN] P50/T1
  Copied  P50_T1_T2.nii.gz                     ->  /home/darshan/MS/model_dataset/train/P50_T1/t2.nii.gz
  Copied  P50_T1_MASK.nii.gz                   ->  /home/darshan/MS/model_dataset/train/P50_T1/mask.nii.gz
  Copied  P50_T1_FLAIR.nii.gz                  ->  /home/darshan/MS/model_dataset/train/P50_T1/flair.nii.gz
  Copied  P50_T1_T1.nii.gz                     ->  /home/darshan/MS/model_dataset/train/P50_T1/t1.nii.gz

[TRAIN] P50/T2
  Copied  P50_T2_T2.nii.gz                     ->  /home/darshan/MS/model_dataset/train/P50_T2/t2.nii.gz
  Copied  P50_T2_FLAIR.nii.gz                  ->  /home/darshan/MS/model_dataset/train/P50_T2/flair.nii.gz
  Copied  P50_T2_MASK.nii.gz                   ->  /home/darshan/MS/model_dataset/train/P50_T2/mask.nii.gz

[TRAIN] P20/T1
  Copied  P20_T1_FLAIR.nii.gz                  ->  /home/darshan/MS/model_dataset/train/P20_T1/flair.nii.gz
  Copied  P20_T1_T1.nii.gz                     ->  /home/darshan/MS/model_dataset/train/P20_T1/t1.nii.gz
  Copied  P20_T1_MASK.nii.gz                   ->  /home/darshan/MS/model_dataset/train/P20_T1/mask.nii.gz
  Copied  P20_T1_T2.nii.gz                     ->  /home/darshan/MS/model_dataset/train/P20_T1/t2.nii.gz

[TRAIN] P20/T2
  Copied  P20_T2_T2.nii.gz                     ->  /home/darshan/MS/model_dataset/train/P20_T2/t2.nii.gz
  Copied  P20_T2_MASK.nii.gz                   ->  /home/darshan/MS/model_dataset/train/P20_T2/mask.nii.gz
  Copied  P20_T2_FLAIR.nii.gz                  ->  /home/darshan/MS/model_dataset/train/P20_T2/flair.nii.gz

[TRAIN] P20/T3
  Copied  P20_T3_FLAIR.nii.gz                  ->  /home/darshan/MS/model_dataset/train/P20_T3/flair.nii.gz
  Copied  P20_T3_T1.nii.gz                     ->  /home/darshan/MS/model_dataset/train/P20_T3/t1.nii.gz
  Copied  P20_T3_MASK.nii.gz                   ->  /home/darshan/MS/model_dataset/train/P20_T3/mask.nii.gz
  Copied  P20_T3_T2.nii.gz                     ->  /home/darshan/MS/model_dataset/train/P20_T3/t2.nii.gz

[TRAIN] P75/T1
  Copied  P75_T2.nii.gz                        ->  /home/darshan/MS/model_dataset/train/P75_T1/t2.nii.gz
  Copied  P75_T1.nii.gz                        ->  /home/darshan/MS/model_dataset/train/P75_T1/t1.nii.gz
  Copied  P75_MASK.nii.gz                      ->  /home/darshan/MS/model_dataset/train/P75_T1/mask.nii.gz
  Copied  P75_FLAIR.nii.gz                     ->  /home/darshan/MS/model_dataset/train/P75_T1/flair.nii.gz

[TRAIN] P10/T1
  Copied  P10_T1_FLAIR.nii.gz                  ->  /home/darshan/MS/model_dataset/train/P10_T1/flair.nii.gz
  Copied  P10_T1_T1.nii.gz                     ->  /home/darshan/MS/model_dataset/train/P10_T1/t1.nii.gz
  Copied  P10_T1_T2.nii.gz                     ->  /home/darshan/MS/model_dataset/train/P10_T1/t2.nii.gz
  Copied  P10_T1_MASK.nii.gz                   ->  /home/darshan/MS/model_dataset/train/P10_T1/mask.nii.gz

[TRAIN] P10/T2
  Copied  P10_T2_T1.nii.gz                     ->  /home/darshan/MS/model_dataset/train/P10_T2/t2.nii.gz
  Copied  P10_T2_FLAIR.nii.gz                  ->  /home/darshan/MS/model_dataset/train/P10_T2/flair.nii.gz
  Copied  P10_T2_MASK.nii.gz                   ->  /home/darshan/MS/model_dataset/train/P10_T2/mask.nii.gz

[TRAIN] P44/T1
  Copied  P44_T1_T1.nii.gz                     ->  /home/darshan/MS/model_dataset/train/P44_T1/t1.nii.gz
  Copied  P44_T1_FLAIR.nii.gz                  ->  /home/darshan/MS/model_dataset/train/P44_T1/flair.nii.gz
  Copied  P44_T1_MASK.nii.gz                   ->  /home/darshan/MS/model_dataset/train/P44_T1/mask.nii.gz
  Copied  P44_T1_T2.nii.gz                     ->  /home/darshan/MS/model_dataset/train/P44_T1/t2.nii.gz

[TRAIN] P39/T1
  Copied  P39_T1_MASK.nii.gz                   ->  /home/darshan/MS/model_dataset/train/P39_T1/mask.nii.gz
  Copied  P39_T1_T1.nii.gz                     ->  /home/darshan/MS/model_dataset/train/P39_T1/t1.nii.gz
  Copied  P39_T1_FLAIR.nii.gz                  ->  /home/darshan/MS/model_dataset/train/P39_T1/flair.nii.gz
  Copied  P39_T1_T2.nii.gz                     ->  /home/darshan/MS/model_dataset/train/P39_T1/t2.nii.gz

[TRAIN] P9/T1
  Copied  P9_T1_T1.nii.gz                      ->  /home/darshan/MS/model_dataset/train/P9_T1/t1.nii.gz
  Copied  P9_T1_FLAIR.nii.gz                   ->  /home/darshan/MS/model_dataset/train/P9_T1/flair.nii.gz
  Copied  P9_T1_MASK.nii.gz                    ->  /home/darshan/MS/model_dataset/train/P9_T1/mask.nii.gz
  Copied  P9_T1_T2.nii.gz                      ->  /home/darshan/MS/model_dataset/train/P9_T1/t2.nii.gz

[TRAIN] P9/T2
  Copied  P9_T2_T1.nii.gz                      ->  /home/darshan/MS/model_dataset/train/P9_T2/t2.nii.gz
  Copied  P9_T2_FLAIR.nii.gz                   ->  /home/darshan/MS/model_dataset/train/P9_T2/flair.nii.gz
  Copied  P9_T2_MASK.nii.gz                    ->  /home/darshan/MS/model_dataset/train/P9_T2/mask.nii.gz

[TRAIN] P9/T3
  Copied  P9_T3_MASK.nii.gz                    ->  /home/darshan/MS/model_dataset/train/P9_T3/mask.nii.gz
  Copied  P9_T3_FLAIR.nii.gz                   ->  /home/darshan/MS/model_dataset/train/P9_T3/flair.nii.gz
  Copied  P9_T3_T2.nii.gz                      ->  /home/darshan/MS/model_dataset/train/P9_T3/t2.nii.gz
  Copied  P9_T3_T1.nii.gz                      ->  /home/darshan/MS/model_dataset/train/P9_T3/t1.nii.gz

[TRAIN] P71/T1
  Copied  P71_T2.nii.gz                        ->  /home/darshan/MS/model_dataset/train/P71_T1/t2.nii.gz
  Copied  P71_T1.nii.gz                        ->  /home/darshan/MS/model_dataset/train/P71_T1/t1.nii.gz
  Copied  P71_FLAIR.nii.gz                     ->  /home/darshan/MS/model_dataset/train/P71_T1/flair.nii.gz
  Copied  P71_MASK.nii.gz                      ->  /home/darshan/MS/model_dataset/train/P71_T1/mask.nii.gz

[TRAIN] P70/T1
  Copied  P70_T1.nii.gz                        ->  /home/darshan/MS/model_dataset/train/P70_T1/t1.nii.gz
  Copied  P70_T2.nii.gz                        ->  /home/darshan/MS/model_dataset/train/P70_T1/t2.nii.gz
  Copied  P70_FLAIR.nii.gz                     ->  /home/darshan/MS/model_dataset/train/P70_T1/flair.nii.gz
  Copied  P70_MASK.nii.gz                      ->  /home/darshan/MS/model_dataset/train/P70_T1/mask.nii.gz

[TRAIN] P8/T1
  Copied  P8_T1_T1.nii.gz                      ->  /home/darshan/MS/model_dataset/train/P8_T1/t1.nii.gz
  Copied  P8_T1_MASK.nii.gz                    ->  /home/darshan/MS/model_dataset/train/P8_T1/mask.nii.gz
  Copied  P8_T1_FLAIR.nii.gz                   ->  /home/darshan/MS/model_dataset/train/P8_T1/flair.nii.gz
  Copied  P8_T1_T2.nii.gz                      ->  /home/darshan/MS/model_dataset/train/P8_T1/t2.nii.gz

[TRAIN] P8/T2
  Copied  P8_T2_T1.nii.gz                      ->  /home/darshan/MS/model_dataset/train/P8_T2/t2.nii.gz
  Copied  P8_T2_MASK.nii.gz                    ->  /home/darshan/MS/model_dataset/train/P8_T2/mask.nii.gz
  Copied  P8_T2_FLAIR.nii.gz                   ->  /home/darshan/MS/model_dataset/train/P8_T2/flair.nii.gz

[TRAIN] P13/T1
  Copied  P13_T1_T1.nii.gz                     ->  /home/darshan/MS/model_dataset/train/P13_T1/t1.nii.gz
  Copied  P13_T1_T2.nii.gz                     ->  /home/darshan/MS/model_dataset/train/P13_T1/t2.nii.gz
  Copied  P13_T1_MASK.nii.gz                   ->  /home/darshan/MS/model_dataset/train/P13_T1/mask.nii.gz
  Copied  P13_T1_FLAIR.nii.gz                  ->  /home/darshan/MS/model_dataset/train/P13_T1/flair.nii.gz

[TRAIN] P13/T2
  Copied  P13_T2_T2.nii.gz                     ->  /home/darshan/MS/model_dataset/train/P13_T2/t2.nii.gz
  Copied  P13_T2_MASK.nii.gz                   ->  /home/darshan/MS/model_dataset/train/P13_T2/mask.nii.gz
  Copied  P13_T2_FLAIR.nii.gz                  ->  /home/darshan/MS/model_dataset/train/P13_T2/flair.nii.gz

[TRAIN] P59/T1
  Copied  P59_T1.nii.gz                        ->  /home/darshan/MS/model_dataset/train/P59_T1/t1.nii.gz
  Copied  P59_T2.nii.gz                        ->  /home/darshan/MS/model_dataset/train/P59_T1/t2.nii.gz
  Copied  P59_MASK.nii.gz                      ->  /home/darshan/MS/model_dataset/train/P59_T1/mask.nii.gz
  Copied  P59_FLAIR.nii.gz                     ->  /home/darshan/MS/model_dataset/train/P59_T1/flair.nii.gz

[TEST] P2/T1
  Copied  P2_T1_T1.nii.gz                      ->  /home/darshan/MS/model_dataset/test/P2_T1/t1.nii.gz
  Copied  P2_T1_T2.nii.gz                      ->  /home/darshan/MS/model_dataset/test/P2_T1/t2.nii.gz
  Copied  P2_T1_FLAIR.nii.gz                   ->  /home/darshan/MS/model_dataset/test/P2_T1/flair.nii.gz
  Copied  P2_T1_MASK.nii.gz                    ->  /home/darshan/MS/model_dataset/test/P2_T1/mask.nii.gz

[TEST] P2/T2
  Copied  P2_T2_MASK.nii.gz                    ->  /home/darshan/MS/model_dataset/test/P2_T2/mask.nii.gz
  Copied  P2_T2_FLAIR.nii.gz                   ->  /home/darshan/MS/model_dataset/test/P2_T2/flair.nii.gz
  Copied  P2_T2_T1.nii.gz                      ->  /home/darshan/MS/model_dataset/test/P2_T2/t2.nii.gz

[TEST] P2/T3
  Copied  P2_T3_T2.nii.gz                      ->  /home/darshan/MS/model_dataset/test/P2_T3/t2.nii.gz
  Copied  P2_T3_T1.nii.gz                      ->  /home/darshan/MS/model_dataset/test/P2_T3/t1.nii.gz
  Copied  P2_T3_MASK.nii.gz                    ->  /home/darshan/MS/model_dataset/test/P2_T3/mask.nii.gz
  Copied  P2_T3_FLAIR.nii.gz                   ->  /home/darshan/MS/model_dataset/test/P2_T3/flair.nii.gz

[TEST] P2/T4
  Copied  P2_T4_T2.nii.gz                      ->  /home/darshan/MS/model_dataset/test/P2_T4/t2.nii.gz
  Copied  P2_T4_FLAIR.nii.gz                   ->  /home/darshan/MS/model_dataset/test/P2_T4/flair.nii.gz
  Copied  P2_T4_MASK.nii.gz                    ->  /home/darshan/MS/model_dataset/test/P2_T4/mask.nii.gz
  Copied  P2_T4_T1.nii.gz                      ->  /home/darshan/MS/model_dataset/test/P2_T4/t1.nii.gz

[TEST] P21/T1
  Copied  P21_T1_FLAIR.nii.gz                  ->  /home/darshan/MS/model_dataset/test/P21_T1/flair.nii.gz
  Copied  P21_T1_T1.nii.gz                     ->  /home/darshan/MS/model_dataset/test/P21_T1/t1.nii.gz
  Copied  P21_T1_MASK.nii.gz                   ->  /home/darshan/MS/model_dataset/test/P21_T1/mask.nii.gz
  Copied  P21_T1_T2.nii.gz                     ->  /home/darshan/MS/model_dataset/test/P21_T1/t2.nii.gz

[TEST] P25/T1
  Copied  P25_T1_MASK.nii.gz                   ->  /home/darshan/MS/model_dataset/test/P25_T1/mask.nii.gz
  Copied  P25_T1_T1.nii.gz                     ->  /home/darshan/MS/model_dataset/test/P25_T1/t1.nii.gz
  Copied  P25_T1_FLAIR.nii.gz                  ->  /home/darshan/MS/model_dataset/test/P25_T1/flair.nii.gz
  Copied  P25_T1_T2.nii.gz                     ->  /home/darshan/MS/model_dataset/test/P25_T1/t2.nii.gz

[TEST] P35/T1
  Copied  P35_T1_T1.nii.gz                     ->  /home/darshan/MS/model_dataset/test/P35_T1/t1.nii.gz
  Copied  P35_T1_MASK.nii.gz                   ->  /home/darshan/MS/model_dataset/test/P35_T1/mask.nii.gz
  Copied  P35_T1_T2.nii.gz                     ->  /home/darshan/MS/model_dataset/test/P35_T1/t2.nii.gz
  Copied  P35_T1_FLAIR.nii.gz                  ->  /home/darshan/MS/model_dataset/test/P35_T1/flair.nii.gz

[TEST] P38/T1
  Copied  P38_T1_T1.nii.gz                     ->  /home/darshan/MS/model_dataset/test/P38_T1/t1.nii.gz
  Copied  P38_T1_FLAIR.nii.gz                  ->  /home/darshan/MS/model_dataset/test/P38_T1/flair.nii.gz
  Copied  P38_T1_T2.nii.gz                     ->  /home/darshan/MS/model_dataset/test/P38_T1/t2.nii.gz
  Copied  P38_T1_MASK.nii.gz                   ->  /home/darshan/MS/model_dataset/test/P38_T1/mask.nii.gz

[TEST] P41/T1
  Copied  P41_T1_T2.nii.gz                     ->  /home/darshan/MS/model_dataset/test/P41_T1/t2.nii.gz
  Copied  P41_T1_FLAIR.nii.gz                  ->  /home/darshan/MS/model_dataset/test/P41_T1/flair.nii.gz
  Copied  P41_T1_MASK.nii.gz                   ->  /home/darshan/MS/model_dataset/test/P41_T1/mask.nii.gz
  Copied  P41_T1_T1.nii.gz                     ->  /home/darshan/MS/model_dataset/test/P41_T1/t1.nii.gz

[TEST] P12/T1
  Copied  P12_T1_FLAIR.nii.gz                  ->  /home/darshan/MS/model_dataset/test/P12_T1/flair.nii.gz
  Copied  P12_T1_T1.nii.gz                     ->  /home/darshan/MS/model_dataset/test/P12_T1/t1.nii.gz
  Copied  P12_T1_T2.nii.gz                     ->  /home/darshan/MS/model_dataset/test/P12_T1/t2.nii.gz
  Copied  P12_T1_MASK.nii.gz                   ->  /home/darshan/MS/model_dataset/test/P12_T1/mask.nii.gz

[TEST] P12/T2
  Copied  P12_T2_MASK.nii.gz                   ->  /home/darshan/MS/model_dataset/test/P12_T2/mask.nii.gz
  Copied  P12_T2_T2.nii.gz                     ->  /home/darshan/MS/model_dataset/test/P12_T2/t2.nii.gz
  Copied  P12_T2_FLAIR.nii.gz                  ->  /home/darshan/MS/model_dataset/test/P12_T2/flair.nii.gz

[TEST] P12/T3
  Copied  P12_T3_FLAIR.nii.gz                  ->  /home/darshan/MS/model_dataset/test/P12_T3/flair.nii.gz
  Copied  P12_T3_MASK.nii.gz                   ->  /home/darshan/MS/model_dataset/test/P12_T3/mask.nii.gz
  Copied  P12_T3_T2.nii.gz                     ->  /home/darshan/MS/model_dataset/test/P12_T3/t2.nii.gz
  Copied  P12_T3_T1.nii.gz                     ->  /home/darshan/MS/model_dataset/test/P12_T3/t1.nii.gz

[TEST] P12/T4
  Copied  P12_T4_T1.nii.gz                     ->  /home/darshan/MS/model_dataset/test/P12_T4/t1.nii.gz
  Copied  P12_T4_T2.nii.gz                     ->  /home/darshan/MS/model_dataset/test/P12_T4/t2.nii.gz
  Copied  P12_T4_MASK.nii.gz                   ->  /home/darshan/MS/model_dataset/test/P12_T4/mask.nii.gz
  Copied  P12_T4_FLAIR.nii.gz                  ->  /home/darshan/MS/model_dataset/test/P12_T4/flair.nii.gz

[TEST] P22/T1
  Copied  P22_T1_T2.nii.gz                     ->  /home/darshan/MS/model_dataset/test/P22_T1/t2.nii.gz
  Copied  P22_T1_T1.nii.gz                     ->  /home/darshan/MS/model_dataset/test/P22_T1/t1.nii.gz
  Copied  P22_T1_FLAIR.nii.gz                  ->  /home/darshan/MS/model_dataset/test/P22_T1/flair.nii.gz
  Copied  P22_T1_MASK.nii.gz                   ->  /home/darshan/MS/model_dataset/test/P22_T1/mask.nii.gz

[TEST] P22/T2
  Copied  P22_T2_T2.nii.gz                     ->  /home/darshan/MS/model_dataset/test/P22_T2/t2.nii.gz
  Copied  P22_T2_MASK.nii.gz                   ->  /home/darshan/MS/model_dataset/test/P22_T2/mask.nii.gz
  Copied  P22_T2_FLAIR.nii.gz                  ->  /home/darshan/MS/model_dataset/test/P22_T2/flair.nii.gz

============================================================
ISBI2015: collecting studies for external validation ...
============================================================
Total ISBI subjects: 5

[EXT_VAL] training01_01
  Padded  training01_01_flair_pp.nii           (181, 217, 181) -> (182, 218, 182)  ->  /home/darshan/MS/model_dataset/external_val/training01_01/flair.nii.gz
  Padded  training01_01_mprage_pp.nii          (181, 217, 181) -> (182, 218, 182)  ->  /home/darshan/MS/model_dataset/external_val/training01_01/t1.nii.gz
  Padded  training01_01_t2_pp.nii              (181, 217, 181) -> (182, 218, 182)  ->  /home/darshan/MS/model_dataset/external_val/training01_01/t2.nii.gz
  Padded  training01_01_pd_pp.nii              (181, 217, 181) -> (182, 218, 182)  ->  /home/darshan/MS/model_dataset/external_val/training01_01/pd.nii.gz
  Padded  training01_01_mask1.nii              (181, 217, 181) -> (182, 218, 182)  ->  /home/darshan/MS/model_dataset/external_val/training01_01/mask.nii.gz

[EXT_VAL] training01_02
  Padded  training01_02_flair_pp.nii           (181, 217, 181) -> (182, 218, 182)  ->  /home/darshan/MS/model_dataset/external_val/training01_02/flair.nii.gz
  Padded  training01_02_mprage_pp.nii          (181, 217, 181) -> (182, 218, 182)  ->  /home/darshan/MS/model_dataset/external_val/training01_02/t1.nii.gz
  Padded  training01_02_t2_pp.nii              (181, 217, 181) -> (182, 218, 182)  ->  /home/darshan/MS/model_dataset/external_val/training01_02/t2.nii.gz
  Padded  training01_02_pd_pp.nii              (181, 217, 181) -> (182, 218, 182)  ->  /home/darshan/MS/model_dataset/external_val/training01_02/pd.nii.gz
  Padded  training01_02_mask1.nii              (181, 217, 181) -> (182, 218, 182)  ->  /home/darshan/MS/model_dataset/external_val/training01_02/mask.nii.gz

[EXT_VAL] training01_03
  Padded  training01_03_flair_pp.nii           (181, 217, 181) -> (182, 218, 182)  ->  /home/darshan/MS/model_dataset/external_val/training01_03/flair.nii.gz
  Padded  training01_03_mprage_pp.nii          (181, 217, 181) -> (182, 218, 182)  ->  /home/darshan/MS/model_dataset/external_val/training01_03/t1.nii.gz
  Padded  training01_03_t2_pp.nii              (181, 217, 181) -> (182, 218, 182)  ->  /home/darshan/MS/model_dataset/external_val/training01_03/t2.nii.gz
  Padded  training01_03_pd_pp.nii              (181, 217, 181) -> (182, 218, 182)  ->  /home/darshan/MS/model_dataset/external_val/training01_03/pd.nii.gz
  Padded  training01_03_mask1.nii              (181, 217, 181) -> (182, 218, 182)  ->  /home/darshan/MS/model_dataset/external_val/training01_03/mask.nii.gz

[EXT_VAL] training01_04
  Padded  training01_04_flair_pp.nii           (181, 217, 181) -> (182, 218, 182)  ->  /home/darshan/MS/model_dataset/external_val/training01_04/flair.nii.gz
  Padded  training01_04_mprage_pp.nii          (181, 217, 181) -> (182, 218, 182)  ->  /home/darshan/MS/model_dataset/external_val/training01_04/t1.nii.gz
  Padded  training01_04_t2_pp.nii              (181, 217, 181) -> (182, 218, 182)  ->  /home/darshan/MS/model_dataset/external_val/training01_04/t2.nii.gz
  Padded  training01_04_pd_pp.nii              (181, 217, 181) -> (182, 218, 182)  ->  /home/darshan/MS/model_dataset/external_val/training01_04/pd.nii.gz
  Padded  training01_04_mask1.nii              (181, 217, 181) -> (182, 218, 182)  ->  /home/darshan/MS/model_dataset/external_val/training01_04/mask.nii.gz

[EXT_VAL] training02_01
  Padded  training02_01_flair_pp.nii           (181, 217, 181) -> (182, 218, 182)  ->  /home/darshan/MS/model_dataset/external_val/training02_01/flair.nii.gz
  Padded  training02_01_mprage_pp.nii          (181, 217, 181) -> (182, 218, 182)  ->  /home/darshan/MS/model_dataset/external_val/training02_01/t1.nii.gz
  Padded  training02_01_t2_pp.nii              (181, 217, 181) -> (182, 218, 182)  ->  /home/darshan/MS/model_dataset/external_val/training02_01/t2.nii.gz
  Padded  training02_01_pd_pp.nii              (181, 217, 181) -> (182, 218, 182)  ->  /home/darshan/MS/model_dataset/external_val/training02_01/pd.nii.gz
  Padded  training02_01_mask1.nii              (181, 217, 181) -> (182, 218, 182)  ->  /home/darshan/MS/model_dataset/external_val/training02_01/mask.nii.gz

[EXT_VAL] training02_02
  Padded  training02_02_flair_pp.nii           (181, 217, 181) -> (182, 218, 182)  ->  /home/darshan/MS/model_dataset/external_val/training02_02/flair.nii.gz
  Padded  training02_02_mprage_pp.nii          (181, 217, 181) -> (182, 218, 182)  ->  /home/darshan/MS/model_dataset/external_val/training02_02/t1.nii.gz
  Padded  training02_02_t2_pp.nii              (181, 217, 181) -> (182, 218, 182)  ->  /home/darshan/MS/model_dataset/external_val/training02_02/t2.nii.gz
  Padded  training02_02_pd_pp.nii              (181, 217, 181) -> (182, 218, 182)  ->  /home/darshan/MS/model_dataset/external_val/training02_02/pd.nii.gz
  Padded  training02_02_mask1.nii              (181, 217, 181) -> (182, 218, 182)  ->  /home/darshan/MS/model_dataset/external_val/training02_02/mask.nii.gz

[EXT_VAL] training02_03
  Padded  training02_03_flair_pp.nii           (181, 217, 181) -> (182, 218, 182)  ->  /home/darshan/MS/model_dataset/external_val/training02_03/flair.nii.gz
  Padded  training02_03_mprage_pp.nii          (181, 217, 181) -> (182, 218, 182)  ->  /home/darshan/MS/model_dataset/external_val/training02_03/t1.nii.gz
  Padded  training02_03_t2_pp.nii              (181, 217, 181) -> (182, 218, 182)  ->  /home/darshan/MS/model_dataset/external_val/training02_03/t2.nii.gz
  Padded  training02_03_pd_pp.nii              (181, 217, 181) -> (182, 218, 182)  ->  /home/darshan/MS/model_dataset/external_val/training02_03/pd.nii.gz
  Padded  training02_03_mask1.nii              (181, 217, 181) -> (182, 218, 182)  ->  /home/darshan/MS/model_dataset/external_val/training02_03/mask.nii.gz

[EXT_VAL] training02_04
  Padded  training02_04_flair_pp.nii           (181, 217, 181) -> (182, 218, 182)  ->  /home/darshan/MS/model_dataset/external_val/training02_04/flair.nii.gz
  Padded  training02_04_mprage_pp.nii          (181, 217, 181) -> (182, 218, 182)  ->  /home/darshan/MS/model_dataset/external_val/training02_04/t1.nii.gz
  Padded  training02_04_t2_pp.nii              (181, 217, 181) -> (182, 218, 182)  ->  /home/darshan/MS/model_dataset/external_val/training02_04/t2.nii.gz
  Padded  training02_04_pd_pp.nii              (181, 217, 181) -> (182, 218, 182)  ->  /home/darshan/MS/model_dataset/external_val/training02_04/pd.nii.gz
  Padded  training02_04_mask1.nii              (181, 217, 181) -> (182, 218, 182)  ->  /home/darshan/MS/model_dataset/external_val/training02_04/mask.nii.gz

[EXT_VAL] training03_01
  Padded  training03_01_flair_pp.nii           (181, 217, 181) -> (182, 218, 182)  ->  /home/darshan/MS/model_dataset/external_val/training03_01/flair.nii.gz
  Padded  training03_01_mprage_pp.nii          (181, 217, 181) -> (182, 218, 182)  ->  /home/darshan/MS/model_dataset/external_val/training03_01/t1.nii.gz
  Padded  training03_01_t2_pp.nii              (181, 217, 181) -> (182, 218, 182)  ->  /home/darshan/MS/model_dataset/external_val/training03_01/t2.nii.gz
  Padded  training03_01_pd_pp.nii              (181, 217, 181) -> (182, 218, 182)  ->  /home/darshan/MS/model_dataset/external_val/training03_01/pd.nii.gz
  Padded  training03_01_mask1.nii              (181, 217, 181) -> (182, 218, 182)  ->  /home/darshan/MS/model_dataset/external_val/training03_01/mask.nii.gz

[EXT_VAL] training03_02
  Padded  training03_02_flair_pp.nii           (181, 217, 181) -> (182, 218, 182)  ->  /home/darshan/MS/model_dataset/external_val/training03_02/flair.nii.gz
  Padded  training03_02_mprage_pp.nii          (181, 217, 181) -> (182, 218, 182)  ->  /home/darshan/MS/model_dataset/external_val/training03_02/t1.nii.gz
  Padded  training03_02_t2_pp.nii              (181, 217, 181) -> (182, 218, 182)  ->  /home/darshan/MS/model_dataset/external_val/training03_02/t2.nii.gz
  Padded  training03_02_pd_pp.nii              (181, 217, 181) -> (182, 218, 182)  ->  /home/darshan/MS/model_dataset/external_val/training03_02/pd.nii.gz
  Padded  training03_02_mask1.nii              (181, 217, 181) -> (182, 218, 182)  ->  /home/darshan/MS/model_dataset/external_val/training03_02/mask.nii.gz

[EXT_VAL] training03_03
  Padded  training03_03_flair_pp.nii           (181, 217, 181) -> (182, 218, 182)  ->  /home/darshan/MS/model_dataset/external_val/training03_03/flair.nii.gz
  Padded  training03_03_mprage_pp.nii          (181, 217, 181) -> (182, 218, 182)  ->  /home/darshan/MS/model_dataset/external_val/training03_03/t1.nii.gz
  Padded  training03_03_t2_pp.nii              (181, 217, 181) -> (182, 218, 182)  ->  /home/darshan/MS/model_dataset/external_val/training03_03/t2.nii.gz
  Padded  training03_03_pd_pp.nii              (181, 217, 181) -> (182, 218, 182)  ->  /home/darshan/MS/model_dataset/external_val/training03_03/pd.nii.gz
  Padded  training03_03_mask1.nii              (181, 217, 181) -> (182, 218, 182)  ->  /home/darshan/MS/model_dataset/external_val/training03_03/mask.nii.gz

[EXT_VAL] training03_04
  Padded  training03_04_flair_pp.nii           (181, 217, 181) -> (182, 218, 182)  ->  /home/darshan/MS/model_dataset/external_val/training03_04/flair.nii.gz
  Padded  training03_04_mprage_pp.nii          (181, 217, 181) -> (182, 218, 182)  ->  /home/darshan/MS/model_dataset/external_val/training03_04/t1.nii.gz
  Padded  training03_04_t2_pp.nii              (181, 217, 181) -> (182, 218, 182)  ->  /home/darshan/MS/model_dataset/external_val/training03_04/t2.nii.gz
  Padded  training03_04_pd_pp.nii              (181, 217, 181) -> (182, 218, 182)  ->  /home/darshan/MS/model_dataset/external_val/training03_04/pd.nii.gz
  Padded  training03_04_mask1.nii              (181, 217, 181) -> (182, 218, 182)  ->  /home/darshan/MS/model_dataset/external_val/training03_04/mask.nii.gz

[EXT_VAL] training03_05
  Padded  training03_05_flair_pp.nii           (181, 217, 181) -> (182, 218, 182)  ->  /home/darshan/MS/model_dataset/external_val/training03_05/flair.nii.gz
  Padded  training03_05_mprage_pp.nii          (181, 217, 181) -> (182, 218, 182)  ->  /home/darshan/MS/model_dataset/external_val/training03_05/t1.nii.gz
  Padded  training03_05_t2_pp.nii              (181, 217, 181) -> (182, 218, 182)  ->  /home/darshan/MS/model_dataset/external_val/training03_05/t2.nii.gz
  Padded  training03_05_pd_pp.nii              (181, 217, 181) -> (182, 218, 182)  ->  /home/darshan/MS/model_dataset/external_val/training03_05/pd.nii.gz
  Padded  training03_05_mask1.nii              (181, 217, 181) -> (182, 218, 182)  ->  /home/darshan/MS/model_dataset/external_val/training03_05/mask.nii.gz

[EXT_VAL] training04_01
  Padded  training04_01_flair_pp.nii           (181, 217, 181) -> (182, 218, 182)  ->  /home/darshan/MS/model_dataset/external_val/training04_01/flair.nii.gz
  Padded  training04_01_mprage_pp.nii          (181, 217, 181) -> (182, 218, 182)  ->  /home/darshan/MS/model_dataset/external_val/training04_01/t1.nii.gz
  Padded  training04_01_t2_pp.nii              (181, 217, 181) -> (182, 218, 182)  ->  /home/darshan/MS/model_dataset/external_val/training04_01/t2.nii.gz
  Padded  training04_01_pd_pp.nii              (181, 217, 181) -> (182, 218, 182)  ->  /home/darshan/MS/model_dataset/external_val/training04_01/pd.nii.gz
  Padded  training04_01_mask1.nii              (181, 217, 181) -> (182, 218, 182)  ->  /home/darshan/MS/model_dataset/external_val/training04_01/mask.nii.gz

[EXT_VAL] training04_02
  Padded  training04_02_flair_pp.nii           (181, 217, 181) -> (182, 218, 182)  ->  /home/darshan/MS/model_dataset/external_val/training04_02/flair.nii.gz
  Padded  training04_02_mprage_pp.nii          (181, 217, 181) -> (182, 218, 182)  ->  /home/darshan/MS/model_dataset/external_val/training04_02/t1.nii.gz
  Padded  training04_02_t2_pp.nii              (181, 217, 181) -> (182, 218, 182)  ->  /home/darshan/MS/model_dataset/external_val/training04_02/t2.nii.gz
  Padded  training04_02_pd_pp.nii              (181, 217, 181) -> (182, 218, 182)  ->  /home/darshan/MS/model_dataset/external_val/training04_02/pd.nii.gz
  Padded  training04_02_mask1.nii              (181, 217, 181) -> (182, 218, 182)  ->  /home/darshan/MS/model_dataset/external_val/training04_02/mask.nii.gz

[EXT_VAL] training04_03
  Padded  training04_03_flair_pp.nii           (181, 217, 181) -> (182, 218, 182)  ->  /home/darshan/MS/model_dataset/external_val/training04_03/flair.nii.gz
  Padded  training04_03_mprage_pp.nii          (181, 217, 181) -> (182, 218, 182)  ->  /home/darshan/MS/model_dataset/external_val/training04_03/t1.nii.gz
  Padded  training04_03_t2_pp.nii              (181, 217, 181) -> (182, 218, 182)  ->  /home/darshan/MS/model_dataset/external_val/training04_03/t2.nii.gz
  Padded  training04_03_pd_pp.nii              (181, 217, 181) -> (182, 218, 182)  ->  /home/darshan/MS/model_dataset/external_val/training04_03/pd.nii.gz
  Padded  training04_03_mask1.nii              (181, 217, 181) -> (182, 218, 182)  ->  /home/darshan/MS/model_dataset/external_val/training04_03/mask.nii.gz

[EXT_VAL] training04_04
  Padded  training04_04_flair_pp.nii           (181, 217, 181) -> (182, 218, 182)  ->  /home/darshan/MS/model_dataset/external_val/training04_04/flair.nii.gz
  Padded  training04_04_mprage_pp.nii          (181, 217, 181) -> (182, 218, 182)  ->  /home/darshan/MS/model_dataset/external_val/training04_04/t1.nii.gz
  Padded  training04_04_t2_pp.nii              (181, 217, 181) -> (182, 218, 182)  ->  /home/darshan/MS/model_dataset/external_val/training04_04/t2.nii.gz
  Padded  training04_04_pd_pp.nii              (181, 217, 181) -> (182, 218, 182)  ->  /home/darshan/MS/model_dataset/external_val/training04_04/pd.nii.gz
  Padded  training04_04_mask1.nii              (181, 217, 181) -> (182, 218, 182)  ->  /home/darshan/MS/model_dataset/external_val/training04_04/mask.nii.gz

[EXT_VAL] training05_01
  Padded  training05_01_flair_pp.nii           (181, 217, 181) -> (182, 218, 182)  ->  /home/darshan/MS/model_dataset/external_val/training05_01/flair.nii.gz
  Padded  training05_01_mprage_pp.nii          (181, 217, 181) -> (182, 218, 182)  ->  /home/darshan/MS/model_dataset/external_val/training05_01/t1.nii.gz
  Padded  training05_01_t2_pp.nii              (181, 217, 181) -> (182, 218, 182)  ->  /home/darshan/MS/model_dataset/external_val/training05_01/t2.nii.gz
  Padded  training05_01_pd_pp.nii              (181, 217, 181) -> (182, 218, 182)  ->  /home/darshan/MS/model_dataset/external_val/training05_01/pd.nii.gz
  Padded  training05_01_mask1.nii              (181, 217, 181) -> (182, 218, 182)  ->  /home/darshan/MS/model_dataset/external_val/training05_01/mask.nii.gz

[EXT_VAL] training05_02
  Padded  training05_02_flair_pp.nii           (181, 217, 181) -> (182, 218, 182)  ->  /home/darshan/MS/model_dataset/external_val/training05_02/flair.nii.gz
  Padded  training05_02_mprage_pp.nii          (181, 217, 181) -> (182, 218, 182)  ->  /home/darshan/MS/model_dataset/external_val/training05_02/t1.nii.gz
  Padded  training05_02_t2_pp.nii              (181, 217, 181) -> (182, 218, 182)  ->  /home/darshan/MS/model_dataset/external_val/training05_02/t2.nii.gz
  Padded  training05_02_pd_pp.nii              (181, 217, 181) -> (182, 218, 182)  ->  /home/darshan/MS/model_dataset/external_val/training05_02/pd.nii.gz
  Padded  training05_02_mask1.nii              (181, 217, 181) -> (182, 218, 182)  ->  /home/darshan/MS/model_dataset/external_val/training05_02/mask.nii.gz

[EXT_VAL] training05_03
  Padded  training05_03_flair_pp.nii           (181, 217, 181) -> (182, 218, 182)  ->  /home/darshan/MS/model_dataset/external_val/training05_03/flair.nii.gz
  Padded  training05_03_mprage_pp.nii          (181, 217, 181) -> (182, 218, 182)  ->  /home/darshan/MS/model_dataset/external_val/training05_03/t1.nii.gz
  Padded  training05_03_t2_pp.nii              (181, 217, 181) -> (182, 218, 182)  ->  /home/darshan/MS/model_dataset/external_val/training05_03/t2.nii.gz
  Padded  training05_03_pd_pp.nii              (181, 217, 181) -> (182, 218, 182)  ->  /home/darshan/MS/model_dataset/external_val/training05_03/pd.nii.gz
  Padded  training05_03_mask1.nii              (181, 217, 181) -> (182, 218, 182)  ->  /home/darshan/MS/model_dataset/external_val/training05_03/mask.nii.gz

[EXT_VAL] training05_04
  Padded  training05_04_flair_pp.nii           (181, 217, 181) -> (182, 218, 182)  ->  /home/darshan/MS/model_dataset/external_val/training05_04/flair.nii.gz
  Padded  training05_04_mprage_pp.nii          (181, 217, 181) -> (182, 218, 182)  ->  /home/darshan/MS/model_dataset/external_val/training05_04/t1.nii.gz
  Padded  training05_04_t2_pp.nii              (181, 217, 181) -> (182, 218, 182)  ->  /home/darshan/MS/model_dataset/external_val/training05_04/t2.nii.gz
  Padded  training05_04_pd_pp.nii              (181, 217, 181) -> (182, 218, 182)  ->  /home/darshan/MS/model_dataset/external_val/training05_04/pd.nii.gz
  Padded  training05_04_mask1.nii              (181, 217, 181) -> (182, 218, 182)  ->  /home/darshan/MS/model_dataset/external_val/training05_04/mask.nii.gz

============================================================
Dataset preparation complete.
============================================================
  train          : 100 studies
  test           : 15 studies
  external_val   : 21 studies

Dataset root: /home/darshan/MS/model_dataset
